gthr-default.h:229:1:int __gthread_key_delete(__gthread_key_t)	16	static
Device.h:5:7:Device::~Device()	16	static
TurboPump.h:13:7:TurboPump::~TurboPump()	16	static
Device.h:5:7:Device& Device::operator=(Device&&)	16	static
TurboPump.h:13:7:TurboPump& TurboPump::operator=(TurboPump&&)	16	static
backup.cpp:92:5:int main()	320	static
backup.cpp:216:6:void HAL_GPIO_EXTI_Callback(uint16_t)	16	static,ignoring_inline_asm
backup.cpp:228:6:void HAL_TIM_PeriodElapsedCallback(TIM_HandleTypeDef*)	16	static
backup.cpp:239:6:void SystemClock_Config()	128	static
backup.cpp:283:13:void MX_ADC1_Init()	48	static
backup.cpp:366:13:void MX_I2C1_Init()	8	static
backup.cpp:407:13:void MX_TIM4_Init()	56	static
backup.cpp:453:13:void MX_USART1_UART_Init()	8	static
backup.cpp:482:13:void MX_TIM1_Init()	40	static
backup.cpp:514:13:void MX_GPIO_Init()	48	static
backup.cpp:570:6:void Error_Handler()	4	static,ignoring_inline_asm
Display.h:13:7:Display::~Display()	16	static
Pirani.h:11:7:Pirani::~Pirani()	16	static
backup.cpp:579:1:void __static_initialization_and_destruction_0(int, int)	16	static
backup.cpp:579:1:cpp)	8	static
backup.cpp:579:1:cpp)	8	static
