gthr-default.h:229:1:int __gthread_key_delete(__gthread_key_t)	16	static
Device.h:5:7:Device::~Device()	16	static
TurboPump.h:14:7:TurboPump::~TurboPump()	16	static
Device.h:5:7:Device& Device::operator=(Device&&)	16	static
TurboPump.h:14:7:TurboPump& TurboPump::operator=(TurboPump&&)	16	static
main.cpp:47:5:int main()	536	static
main.cpp:182:7:float ConvertToVoltage(uint32_t, uint32_t)	24	static
main.cpp:188:6:void HAL_GPIO_EXTI_Callback(uint16_t)	16	static,ignoring_inline_asm
main.cpp:201:6:void HAL_TIM_PeriodElapsedCallback(TIM_HandleTypeDef*)	16	static
main.cpp:212:6:void SystemClock_Config()	128	static
main.cpp:254:13:void MX_ADC1_Init()	48	static
main.cpp:320:13:void MX_I2C1_Init()	8	static
main.cpp:349:13:void MX_TIM1_Init()	40	static
main.cpp:382:13:void MX_TIM4_Init()	56	static
main.cpp:416:13:void MX_USART1_UART_Init()	8	static
main.cpp:435:13:void MX_GPIO_Init()	48	static
main.cpp:483:6:void Error_Handler()	4	static,ignoring_inline_asm
Display.h:13:7:Display::~Display()	16	static
Pirani.h:11:7:Pirani::~Pirani()	16	static
main.cpp:491:1:void __static_initialization_and_destruction_0(int, int)	16	static
main.cpp:491:1:cpp)	8	static
main.cpp:491:1:cpp)	8	static
