cmath:357:3:constexpr float std::log10(float)	16	static
gthr-default.h:229:1:int __gthread_key_delete(__gthread_key_t)	16	static
LCDI2C.cpp:12:1:LCD_I2C::LCD_I2C(I2C_HandleTypeDef, uint16_t)	16	static
LCDI2C.cpp:22:6:void LCD_I2C::send_cmd(char)	32	static
LCDI2C.cpp:36:6:void LCD_I2C::send_data(char)	32	static
LCDI2C.cpp:49:6:void LCD_I2C::init()	16	static
LCDI2C.cpp:68:6:void LCD_I2C::clear()	16	static
LCDI2C.cpp:76:6:void LCD_I2C::put_cur(int, int)	24	static
LCDI2C.cpp:91:6:void LCD_I2C::print(char*)	16	static
LCDI2C.cpp:96:6:void LCD_I2C::printChar(char)	16	static
LCDI2C.cpp:101:6:void LCD_I2C::printBlank(int, int)	24	static
LCDI2C.cpp:107:6:void LCD_I2C::print(uint32_t)	40	static
LCDI2C.cpp:115:6:void LCD_I2C::print3Dig(uint32_t)	24	static
LCDI2C.cpp:128:6:void LCD_I2C::print(float, int)	48	static
LCDI2C.cpp:135:6:void LCD_I2C::createChar(unsigned char*, char)	32	static
LCDI2C.cpp:142:6:void LCD_I2C::printCustomChar(char)	16	static
LCDI2C.cpp:147:6:void LCD_I2C::reverse(char*, int)	40	static
LCDI2C.cpp:158:5:int LCD_I2C::intToStr(int, char*, int)	32	static
LCDI2C.cpp:191:6:void LCD_I2C::ftoa(float, char*)	56	static
cmath:415:5:constexpr typename __gnu_cxx::__promote_2<_Tp, _Up>::__type std::pow(_Tp, _Up) [with _Tp = int; _Up = int]	24	static
