gthr-default.h:229:1:int __gthread_key_delete(__gthread_key_t)	16	static
Device.h:5:7:Device::Device()	16	static
TurboPump.cpp:11:1:TurboPump::TurboPump()	16	static
TurboPump.cpp:16:1:TurboPump::TurboPump(Pin, Pin, float, float, float, std::string, Pirani*)	64	static
TurboPump.cpp:28:6:void TurboPump::addPressureGauge(Pirani*)	16	static
TurboPump.cpp:33:6:virtual void TurboPump::update(float)	16	static
TurboPump.cpp:40:7:virtual float TurboPump::getValue()	16	static
TurboPump.cpp:50:6:void TurboPump::checkFault()	24	static
TurboPump.cpp:67:6:void TurboPump::start()	24	static
TurboPump.cpp:78:6:void TurboPump::stop()	24	static
TurboPump.cpp:84:13:virtual std::string TurboPump::getUnit()	24	static
TurboPump.cpp:89:6:bool TurboPump::isRunning()	16	static
basic_string.h:6057:5:std::__cxx11::basic_string<_CharT, _Traits, _Alloc> std::operator+(const std::__cxx11::basic_string<_CharT, _Traits, _Alloc>&, const _CharT*) [with _CharT = char; _Traits = std::char_traits<char>; _Alloc = std::allocator<char>]	24	static
