Archive member included to satisfy reference by file (symbol)

/home/cat/st/stm32cubeide_1.7.0/plugins/com.st.stm32cube.ide.mcu.externaltools.gnu-tools-for-stm32.9-2020-q2-update.linux64_2.0.0.202105311346/tools/bin/../lib/gcc/arm-none-eabi/9.3.1/../../../../arm-none-eabi/lib/thumb/v7e-m+fp/hard/libstdc++_nano.a(new_op.o)
                              ./Core/Display.o (operator new(unsigned int))
/home/cat/st/stm32cubeide_1.7.0/plugins/com.st.stm32cube.ide.mcu.externaltools.gnu-tools-for-stm32.9-2020-q2-update.linux64_2.0.0.202105311346/tools/bin/../lib/gcc/arm-none-eabi/9.3.1/../../../../arm-none-eabi/lib/thumb/v7e-m+fp/hard/libstdc++_nano.a(pure.o)
                              ./Core/Pirani.o (__cxa_pure_virtual)
/home/cat/st/stm32cubeide_1.7.0/plugins/com.st.stm32cube.ide.mcu.externaltools.gnu-tools-for-stm32.9-2020-q2-update.linux64_2.0.0.202105311346/tools/bin/../lib/gcc/arm-none-eabi/9.3.1/../../../../arm-none-eabi/lib/thumb/v7e-m+fp/hard/libstdc++_nano.a(allocator-inst.o)
                              ./Core/Pirani.o (std::allocator<char>::allocator())
/home/cat/st/stm32cubeide_1.7.0/plugins/com.st.stm32cube.ide.mcu.externaltools.gnu-tools-for-stm32.9-2020-q2-update.linux64_2.0.0.202105311346/tools/bin/../lib/gcc/arm-none-eabi/9.3.1/../../../../arm-none-eabi/lib/thumb/v7e-m+fp/hard/libstdc++_nano.a(string-inst.o)
                              ./Core/Display.o (std::__cxx11::basic_string<char, std::char_traits<char>, std::allocator<char> >::basic_string())
/home/cat/st/stm32cubeide_1.7.0/plugins/com.st.stm32cube.ide.mcu.externaltools.gnu-tools-for-stm32.9-2020-q2-update.linux64_2.0.0.202105311346/tools/bin/../lib/gcc/arm-none-eabi/9.3.1/../../../../arm-none-eabi/lib/thumb/v7e-m+fp/hard/libstdc++_nano.a(del_op.o)
                              /home/cat/st/stm32cubeide_1.7.0/plugins/com.st.stm32cube.ide.mcu.externaltools.gnu-tools-for-stm32.9-2020-q2-update.linux64_2.0.0.202105311346/tools/bin/../lib/gcc/arm-none-eabi/9.3.1/../../../../arm-none-eabi/lib/thumb/v7e-m+fp/hard/libstdc++_nano.a(string-inst.o) (operator delete(void*))
/home/cat/st/stm32cubeide_1.7.0/plugins/com.st.stm32cube.ide.mcu.externaltools.gnu-tools-for-stm32.9-2020-q2-update.linux64_2.0.0.202105311346/tools/bin/../lib/gcc/arm-none-eabi/9.3.1/../../../../arm-none-eabi/lib/thumb/v7e-m+fp/hard/libstdc++_nano.a(eh_terminate.o)
                              /home/cat/st/stm32cubeide_1.7.0/plugins/com.st.stm32cube.ide.mcu.externaltools.gnu-tools-for-stm32.9-2020-q2-update.linux64_2.0.0.202105311346/tools/bin/../lib/gcc/arm-none-eabi/9.3.1/../../../../arm-none-eabi/lib/thumb/v7e-m+fp/hard/libstdc++_nano.a(pure.o) (std::terminate())
/home/cat/st/stm32cubeide_1.7.0/plugins/com.st.stm32cube.ide.mcu.externaltools.gnu-tools-for-stm32.9-2020-q2-update.linux64_2.0.0.202105311346/tools/bin/../lib/gcc/arm-none-eabi/9.3.1/../../../../arm-none-eabi/lib/thumb/v7e-m+fp/hard/libstdc++_nano.a(eh_unex_handler.o)
                              /home/cat/st/stm32cubeide_1.7.0/plugins/com.st.stm32cube.ide.mcu.externaltools.gnu-tools-for-stm32.9-2020-q2-update.linux64_2.0.0.202105311346/tools/bin/../lib/gcc/arm-none-eabi/9.3.1/../../../../arm-none-eabi/lib/thumb/v7e-m+fp/hard/libstdc++_nano.a(eh_terminate.o) (__cxxabiv1::__unexpected_handler)
/home/cat/st/stm32cubeide_1.7.0/plugins/com.st.stm32cube.ide.mcu.externaltools.gnu-tools-for-stm32.9-2020-q2-update.linux64_2.0.0.202105311346/tools/bin/../lib/gcc/arm-none-eabi/9.3.1/../../../../arm-none-eabi/lib/thumb/v7e-m+fp/hard/libstdc++_nano.a(new_handler.o)
                              /home/cat/st/stm32cubeide_1.7.0/plugins/com.st.stm32cube.ide.mcu.externaltools.gnu-tools-for-stm32.9-2020-q2-update.linux64_2.0.0.202105311346/tools/bin/../lib/gcc/arm-none-eabi/9.3.1/../../../../arm-none-eabi/lib/thumb/v7e-m+fp/hard/libstdc++_nano.a(new_op.o) (std::get_new_handler())
/home/cat/st/stm32cubeide_1.7.0/plugins/com.st.stm32cube.ide.mcu.externaltools.gnu-tools-for-stm32.9-2020-q2-update.linux64_2.0.0.202105311346/tools/bin/../lib/gcc/arm-none-eabi/9.3.1/../../../../arm-none-eabi/lib/thumb/v7e-m+fp/hard/libstdc++_nano.a(functexcept.o)
                              /home/cat/st/stm32cubeide_1.7.0/plugins/com.st.stm32cube.ide.mcu.externaltools.gnu-tools-for-stm32.9-2020-q2-update.linux64_2.0.0.202105311346/tools/bin/../lib/gcc/arm-none-eabi/9.3.1/../../../../arm-none-eabi/lib/thumb/v7e-m+fp/hard/libstdc++_nano.a(string-inst.o) (std::__throw_bad_alloc())
/home/cat/st/stm32cubeide_1.7.0/plugins/com.st.stm32cube.ide.mcu.externaltools.gnu-tools-for-stm32.9-2020-q2-update.linux64_2.0.0.202105311346/tools/bin/../lib/gcc/arm-none-eabi/9.3.1/../../../../arm-none-eabi/lib/thumb/v7e-m+fp/hard/libstdc++_nano.a(snprintf_lite.o)
[...]
Memory Configuration

Name             Origin             Length             Attributes
CCMRAM           0x0000000010000000 0x0000000000002000 xrw
RAM              0x0000000020000000 0x000000000000a000 xrw
FLASH            0x0000000008000000 0x0000000000040000 xr
*default*        0x0000000000000000 0xffffffffffffffff

Linker script and memory map

LOAD /home/cat/st/stm32cubeide_1.7.0/plugins/com.st.stm32cube.ide.mcu.externaltools.gnu-tools-for-stm32.9-2020-q2-update.linux64_2.0.0.202105311346/tools/bin/../lib/gcc/arm-none-eabi/9.3.1/thumb/v7e-m+fp/hard/crti.o
LOAD /home/cat/st/stm32cubeide_1.7.0/plugins/com.st.stm32cube.ide.mcu.externaltools.gnu-tools-for-stm32.9-2020-q2-update.linux64_2.0.0.202105311346/tools/bin/../lib/gcc/arm-none-eabi/9.3.1/thumb/v7e-m+fp/hard/crtbegin.o
LOAD /home/cat/st/stm32cubeide_1.7.0/plugins/com.st.stm32cube.ide.mcu.externaltools.gnu-tools-for-stm32.9-2020-q2-update.linux64_2.0.0.202105311346/tools/bin/../lib/gcc/arm-none-eabi/9.3.1/../../../../arm-none-eabi/lib/thumb/v7e-m+fp/hard/crt0.o
LOAD ./Core/Device.o
LOAD ./Core/Display.o
LOAD ./Core/LCDI2C.o
LOAD ./Core/Pin.o
LOAD ./Core/Pirani.o
LOAD ./Core/TurboPump.o
LOAD ./Core/Src/main.o
LOAD ./Core/Src/stm32f3xx_hal_msp.o
LOAD ./Core/Src/stm32f3xx_it.o
LOAD ./Core/Src/syscalls.o
LOAD ./Core/Src/sysmem.o
LOAD ./Core/Src/system_stm32f3xx.o
LOAD ./Core/Startup/startup_stm32f303vctx.o
LOAD ./Drivers/STM32F3xx_HAL_Driver/Src/stm32f3xx_hal.o
LOAD ./Drivers/STM32F3xx_HAL_Driver/Src/stm32f3xx_hal_adc.o
LOAD ./Drivers/STM32F3xx_HAL_Driver/Src/stm32f3xx_hal_adc_ex.o
LOAD ./Drivers/STM32F3xx_HAL_Driver/Src/stm32f3xx_hal_cortex.o
LOAD ./Drivers/STM32F3xx_HAL_Driver/Src/stm32f3xx_hal_dma.o
LOAD ./Drivers/STM32F3xx_HAL_Driver/Src/stm32f3xx_hal_exti.o
LOAD ./Drivers/STM32F3xx_HAL_Driver/Src/stm32f3xx_hal_flash.o
LOAD ./Drivers/STM32F3xx_HAL_Driver/Src/stm32f3xx_hal_flash_ex.o
LOAD ./Drivers/STM32F3xx_HAL_Driver/Src/stm32f3xx_hal_gpio.o
LOAD ./Drivers/STM32F3xx_HAL_Driver/Src/stm32f3xx_hal_i2c.o
LOAD ./Drivers/STM32F3xx_HAL_Driver/Src/stm32f3xx_hal_i2c_ex.o
LOAD ./Drivers/STM32F3xx_HAL_Driver/Src/stm32f3xx_hal_pwr.o
LOAD ./Drivers/STM32F3xx_HAL_Driver/Src/stm32f3xx_hal_pwr_ex.o
LOAD ./Drivers/STM32F3xx_HAL_Driver/Src/stm32f3xx_hal_rcc.o
LOAD ./Drivers/STM32F3xx_HAL_Driver/Src/stm32f3xx_hal_rcc_ex.o
LOAD ./Drivers/STM32F3xx_HAL_Driver/Src/stm32f3xx_hal_tim.o
LOAD ./Drivers/STM32F3xx_HAL_Driver/Src/stm32f3xx_hal_tim_ex.o
LOAD ./Drivers/STM32F3xx_HAL_Driver/Src/stm32f3xx_hal_uart.o
LOAD ./Drivers/STM32F3xx_HAL_Driver/Src/stm32f3xx_hal_uart_ex.o
START GROUP
LOAD /home/cat/st/stm32cubeide_1.7.0/plugins/com.st.stm32cube.ide.mcu.externaltools.gnu-tools-for-stm32.9-2020-q2-update.linux64_2.0.0.202105311346/tools/bin/../lib/gcc/arm-none-eabi/9.3.1/../../../../arm-none-eabi/lib/thumb/v7e-m+fp/hard/libstdc++_nano.a
LOAD /home/cat/st/stm32cubeide_1.7.0/plugins/com.st.stm32cube.ide.mcu.externaltools.gnu-tools-for-stm32.9-2020-q2-update.linux64_2.0.0.202105311346/tools/bin/../lib/gcc/arm-none-eabi/9.3.1/../../../../arm-none-eabi/lib/thumb/v7e-m+fp/hard/libsupc++_nano.a
END GROUP
LOAD /home/cat/st/stm32cubeide_1.7.0/plugins/com.st.stm32cube.ide.mcu.externaltools.gnu-tools-for-stm32.9-2020-q2-update.linux64_2.0.0.202105311346/tools/bin/../lib/gcc/arm-none-eabi/9.3.1/../../../../arm-none-eabi/lib/thumb/v7e-m+fp/hard/libstdc++_nano.a
LOAD /home/cat/st/stm32cubeide_1.7.0/plugins/com.st.stm32cube.ide.mcu.externaltools.gnu-tools-for-stm32.9-2020-q2-update.linux64_2.0.0.202105311346/tools/bin/../lib/gcc/arm-none-eabi/9.3.1/../../../../arm-none-eabi/lib/thumb/v7e-m+fp/hard/libm.a
LOAD /home/cat/st/stm32cubeide_1.7.0/plugins/com.st.stm32cube.ide.mcu.externaltools.gnu-tools-for-stm32.9-2020-q2-update.linux64_2.0.0.202105311346/tools/bin/../lib/gcc/arm-none-eabi/9.3.1/../../../../arm-none-eabi/lib/thumb/v7e-m+fp/hard/libc_nano.a
START GROUP
LOAD /home/cat/st/stm32cubeide_1.7.0/plugins/com.st.stm32cube.ide.mcu.externaltools.gnu-tools-for-stm32.9-2020-q2-update.linux64_2.0.0.202105311346/tools/bin/../lib/gcc/arm-none-eabi/9.3.1/thumb/v7e-m+fp/hard/libgcc.a
LOAD /home/cat/st/stm32cubeide_1.7.0/plugins/com.st.stm32cube.ide.mcu.externaltools.gnu-tools-for-stm32.9-2020-q2-update.linux64_2.0.0.202105311346/tools/bin/../lib/gcc/arm-none-eabi/9.3.1/../../../../arm-none-eabi/lib/thumb/v7e-m+fp/hard/libc_nano.a
END GROUP
START GROUP
LOAD /home/cat/st/stm32cubeide_1.7.0/plugins/com.st.stm32cube.ide.mcu.externaltools.gnu-tools-for-stm32.9-2020-q2-update.linux64_2.0.0.202105311346/tools/bin/../lib/gcc/arm-none-eabi/9.3.1/thumb/v7e-m+fp/hard/libgcc.a
LOAD /home/cat/st/stm32cubeide_1.7.0/plugins/com.st.stm32cube.ide.mcu.externaltools.gnu-tools-for-stm32.9-2020-q2-update.linux64_2.0.0.202105311346/tools/bin/../lib/gcc/arm-none-eabi/9.3.1/../../../../arm-none-eabi/lib/thumb/v7e-m+fp/hard/libc_nano.a
LOAD /home/cat/st/stm32cubeide_1.7.0/plugins/com.st.stm32cube.ide.mcu.externaltools.gnu-tools-for-stm32.9-2020-q2-update.linux64_2.0.0.202105311346/tools/bin/../lib/gcc/arm-none-eabi/9.3.1/../../../../arm-none-eabi/lib/thumb/v7e-m+fp/hard/libnosys.a
END GROUP
START GROUP
LOAD /home/cat/st/stm32cubeide_1.7.0/plugins/com.st.stm32cube.ide.mcu.externaltools.gnu-tools-for-stm32.9-2020-q2-update.linux64_2.0.0.202105311346/tools/bin/../lib/gcc/arm-none-eabi/9.3.1/thumb/v7e-m+fp/hard/libgcc.a
LOAD /home/cat/st/stm32cubeide_1.7.0/plugins/com.st.stm32cube.ide.mcu.externaltools.gnu-tools-for-stm32.9-2020-q2-update.linux64_2.0.0.202105311346/tools/bin/../lib/gcc/arm-none-eabi/9.3.1/../../../../arm-none-eabi/lib/thumb/v7e-m+fp/hard/libc_nano.a
LOAD /home/cat/st/stm32cubeide_1.7.0/plugins/com.st.stm32cube.ide.mcu.externaltools.gnu-tools-for-stm32.9-2020-q2-update.linux64_2.0.0.202105311346/tools/bin/../lib/gcc/arm-none-eabi/9.3.1/../../../../arm-none-eabi/lib/thumb/v7e-m+fp/hard/libnosys.a
END GROUP
LOAD /home/cat/st/stm32cubeide_1.7.0/plugins/com.st.stm32cube.ide.mcu.externaltools.gnu-tools-for-stm32.9-2020-q2-update.linux64_2.0.0.202105311346/tools/bin/../lib/gcc/arm-none-eabi/9.3.1/thumb/v7e-m+fp/hard/crtend.o
LOAD /home/cat/st/stm32cubeide_1.7.0/plugins/com.st.stm32cube.ide.mcu.externaltools.gnu-tools-for-stm32.9-2020-q2-update.linux64_2.0.0.202105311346/tools/bin/../lib/gcc/arm-none-eabi/9.3.1/thumb/v7e-m+fp/hard/crtn.o
                0x000000002000a000                _estack = (ORIGIN (RAM) + LENGTH (RAM))
                0x0000000000000200                _Min_Heap_Size = 0x200
                0x0000000000000400                _Min_Stack_Size = 0x400

.isr_vector     0x0000000008000000      0x188
                0x0000000008000000                . = ALIGN (0x4)
 *(.isr_vector)
 .isr_vector    0x0000000008000000      0x188 ./Core/Startup/startup_stm32f303vctx.o
                0x0000000008000000                g_pfnVectors
                0x0000000008000188                . = ALIGN (0x4)

.text           0x0000000008000190     0xc4f4
                0x0000000008000190                . = ALIGN (0x4)
 *(.text)
 .text          0x0000000008000190       0x40 /home/cat/st/stm32cubeide_1.7.0/plugins/com.st.stm32cube.ide.mcu.externaltools.gnu-tools-for-stm32.9-2020-q2-update.linux64_2.0.0.202105311346/tools/bin/../lib/gcc/arm-none-eabi/9.3.1/thumb/v7e-m+fp/hard/crtbegin.o
 .text          0x00000000080001d0       0xa0 /home/cat/st/stm32cubeide_1.7.0/plugins/com.st.stm32cube.ide.mcu.externaltools.gnu-tools-for-stm32.9-2020-q2-update.linux64_2.0.0.202105311346/tools/bin/../lib/gcc/arm-none-eabi/9.3.1/../../../../arm-none-eabi/lib/thumb/v7e-m+fp/hard/libc_nano.a(lib_a-memchr.o)
                0x00000000080001d0                memchr
 .text          0x0000000008000270       0x10 /home/cat/st/stm32cubeide_1.7.0/plugins/com.st.stm32cube.ide.mcu.externaltools.gnu-tools-for-stm32.9-2020-q2-update.linux64_2.0.0.202105311346/tools/bin/../lib/gcc/arm-none-eabi/9.3.1/../../../../arm-none-eabi/lib/thumb/v7e-m+fp/hard/libc_nano.a(lib_a-strlen.o)
                0x0000000008000270                strlen
 .text          0x0000000008000280      0x378 /home/cat/st/stm32cubeide_1.7.0/plugins/com.st.stm32cube.ide.mcu.externaltools.gnu-tools-for-stm32.9-2020-q2-update.linux64_2.0.0.202105311346/tools/bin/../lib/gcc/arm-none-eabi/9.3.1/thumb/v7e-m+fp/hard/libgcc.a(_arm_addsubdf3.o)
                0x0000000008000280                __aeabi_drsub
                0x0000000008000288                __aeabi_dsub
                0x0000000008000288                __subdf3
                0x000000000800028c                __adddf3
                0x000000000800028c                __aeabi_dadd
                0x0000000008000504                __aeabi_ui2d
                0x0000000008000504                __floatunsidf
                0x0000000008000524                __floatsidf
                0x0000000008000524                __aeabi_i2d
                0x0000000008000548                __extendsfdf2
                0x0000000008000548                __aeabi_f2d
                0x000000000800058c                __aeabi_ul2d
                0x000000000800058c                __floatundidf
                0x000000000800059c                __floatdidf
                0x000000000800059c                __aeabi_l2d
 .text          0x00000000080005f8      0x424 /home/cat/st/stm32cubeide_1.7.0/plugins/com.st.stm32cube.ide.mcu.externaltools.gnu-tools-for-stm32.9-2020-q2-update.linux64_2.0.0.202105311346/tools/bin/../lib/gcc/arm-none-eabi/9.3.1/thumb/v7e-m+fp/hard/libgcc.a(_arm_muldivdf3.o)
                0x00000000080005f8                __aeabi_dmul
                0x00000000080005f8                __muldf3
                0x000000000800084c                __aeabi_ddiv
                0x000000000800084c                __divdf3
 .text          0x0000000008000a1c      0x110 /home/cat/st/stm32cubeide_1.7.0/plugins/com.st.stm32cube.ide.mcu.externaltools.gnu-tools-for-stm32.9-2020-q2-update.linux64_2.0.0.202105311346/tools/bin/../lib/gcc/arm-none-eabi/9.3.1/thumb/v7e-m+fp/hard/libgcc.a(_arm_cmpdf2.o)
                0x0000000008000a1c                __gtdf2
                0x0000000008000a1c                __gedf2
                0x0000000008000a24                __ltdf2
                0x0000000008000a24                __ledf2
                0x0000000008000a2c                __cmpdf2
                0x0000000008000a2c                __eqdf2
                0x0000000008000a2c                __nedf2
                0x0000000008000aa8                __aeabi_cdrcmple
                0x0000000008000ab8                __aeabi_cdcmple
                0x0000000008000ab8                __aeabi_cdcmpeq
                0x0000000008000ac8                __aeabi_dcmpeq
                0x0000000008000adc                __aeabi_dcmplt
                0x0000000008000af0                __aeabi_dcmple
                0x0000000008000b04                __aeabi_dcmpge
                0x0000000008000b18                __aeabi_dcmpgt
 .text          0x0000000008000b2c       0x2c /home/cat/st/stm32cubeide_1.7.0/plugins/com.st.stm32cube.ide.mcu.externaltools.gnu-tools-for-stm32.9-2020-q2-update.linux64_2.0.0.202105311346/tools/bin/../lib/gcc/arm-none-eabi/9.3.1/thumb/v7e-m+fp/hard/libgcc.a(_arm_unorddf2.o)
                0x0000000008000b2c                __aeabi_dcmpun
                0x0000000008000b2c                __unorddf2
 .text          0x0000000008000b58       0x50 /home/cat/st/stm32cubeide_1.7.0/plugins/com.st.stm32cube.ide.mcu.externaltools.gnu-tools-for-stm32.9-2020-q2-update.linux64_2.0.0.202105311346/tools/bin/../lib/gcc/arm-none-eabi/9.3.1/thumb/v7e-m+fp/hard/libgcc.a(_arm_fixdfsi.o)
                0x0000000008000b58                __fixdfsi
                0x0000000008000b58                __aeabi_d2iz
 .text          0x0000000008000ba8       0xa0 /home/cat/st/stm32cubeide_1.7.0/plugins/com.st.stm32cube.ide.mcu.externaltools.gnu-tools-for-stm32.9-2020-q2-update.linux64_2.0.0.202105311346/tools/bin/../lib/gcc/arm-none-eabi/9.3.1/thumb/v7e-m+fp/hard/libgcc.a(_arm_truncdfsf2.o)
                0x0000000008000ba8                __aeabi_d2f
                0x0000000008000ba8                __truncdfsf2
 *(.text*)
 .text._ZN6Device8getLabelB5cxx11Ev
                0x0000000008000c48       0x1e ./Core/Device.o
                0x0000000008000c48                Device::getLabel[abi:cxx11]()
 .text._ZN6Device8hasFaultEv
                0x0000000008000c66       0x1a ./Core/Device.o
                0x0000000008000c66                Device::hasFault()
 .text._ZN7DisplayC2Ev
                0x0000000008000c80      0x108 ./Core/Display.o
                0x0000000008000c80                Display::Display()
                0x0000000008000c80                Display::Display()
 .text._ZN7Display6addLCDE19__I2C_HandleTypeDeft
                0x0000000008000d88       0x70 ./Core/Display.o
                0x0000000008000d88                Display::addLCD(__I2C_HandleTypeDef, unsigned short)
 .text._ZN7Display5addTPEP9TurboPumpi
                0x0000000008000df8       0x36 ./Core/Display.o
                0x0000000008000df8                Display::addTP(TurboPump*, int)
 .text._ZN7Display5addPSEP6Pirani
                0x0000000008000e2e       0x1c ./Core/Display.o
                0x0000000008000e2e                Display::addPS(Pirani*)
 .text._ZN7Display11createCharsEv
                0x0000000008000e4a       0x4c ./Core/Display.o
                0x0000000008000e4a                Display::createChars()
 *fill*         0x0000000008000e96        0x2 
 .text._ZN7Display9showPumpsEv
                0x0000000008000e98      0x27c ./Core/Display.o
                0x0000000008000e98                Display::showPumps()
 .text._ZN7Display8showPresEv
                0x0000000008001114       0xdc ./Core/Display.o
                0x0000000008001114                Display::showPres()
 .text._ZN7Display9showFaultEv
                0x00000000080011f0       0x74 ./Core/Display.o
                0x00000000080011f0                Display::showFault()
 .text._ZN7Display2upEv
                0x0000000008001264       0x62 ./Core/Display.o
                0x0000000008001264                Display::up()
 .text._ZN7Display4downEv
                0x00000000080012c6       0x62 ./Core/Display.o
                0x00000000080012c6                Display::down()
 .text._ZN7Display8pushDownEv
                0x0000000008001328       0xc4 ./Core/Display.o
                0x0000000008001328                Display::pushDown()
 .text._ZN7Display7displayEv
                0x00000000080013ec      0x14a ./Core/Display.o
                0x00000000080013ec                Display::display()
 .text._ZN7Display8hasFaultEv
                0x0000000008001536       0x34 ./Core/Display.o
                0x0000000008001536                Display::hasFault()
 .text._ZSt5log10f
                0x000000000800156a       0x20 ./Core/LCDI2C.o
                0x000000000800156a                std::log10(float)
 .text._ZN7LCD_I2CC2E19__I2C_HandleTypeDeft
                0x000000000800158a       0x48 ./Core/LCDI2C.o
                0x000000000800158a                LCD_I2C::LCD_I2C(__I2C_HandleTypeDef, unsigned short)
                0x000000000800158a                LCD_I2C::LCD_I2C(__I2C_HandleTypeDef, unsigned short)
 .text._ZN7LCD_I2C8send_cmdEc
                0x00000000080015d2       0x66 ./Core/LCDI2C.o
                0x00000000080015d2                LCD_I2C::send_cmd(char)
 .text._ZN7LCD_I2C9send_dataEc
                0x0000000008001638       0x60 ./Core/LCDI2C.o
                0x0000000008001638                LCD_I2C::send_data(char)
 .text._ZN7LCD_I2C4initEv
                0x0000000008001698       0x82 ./Core/LCDI2C.o
                0x0000000008001698                LCD_I2C::init()
 .text._ZN7LCD_I2C5clearEv
                0x000000000800171a       0x2e ./Core/LCDI2C.o
                0x000000000800171a                LCD_I2C::clear()
 .text._ZN7LCD_I2C7put_curEii
                0x0000000008001748       0x42 ./Core/LCDI2C.o
                0x0000000008001748                LCD_I2C::put_cur(int, int)
 .text._ZN7LCD_I2C5printEPc
                0x000000000800178a       0x2c ./Core/LCDI2C.o
                0x000000000800178a                LCD_I2C::print(char*)
 .text._ZN7LCD_I2C10printBlankEii
                0x00000000080017b6       0x26 ./Core/LCDI2C.o
                0x00000000080017b6                LCD_I2C::printBlank(int, int)
 .text._ZN7LCD_I2C5printEm
                0x00000000080017dc       0x2c ./Core/LCDI2C.o
                0x00000000080017dc                LCD_I2C::print(unsigned long)
 .text._ZN7LCD_I2C9print3DigEm
                0x0000000008001808       0x48 ./Core/LCDI2C.o
                0x0000000008001808                LCD_I2C::print3Dig(unsigned long)
 .text._ZN7LCD_I2C5printEfi
                0x0000000008001850       0x32 ./Core/LCDI2C.o
                0x0000000008001850                LCD_I2C::print(float, int)
 .text._ZN7LCD_I2C10createCharEPhc
                0x0000000008001882       0x4a ./Core/LCDI2C.o
                0x0000000008001882                LCD_I2C::createChar(unsigned char*, char)
 .text._ZN7LCD_I2C15printCustomCharEc
                0x00000000080018cc       0x1e ./Core/LCDI2C.o
                0x00000000080018cc                LCD_I2C::printCustomChar(char)
 .text._ZN7LCD_I2C7reverseEPci
                0x00000000080018ea       0x5e ./Core/LCDI2C.o
                0x00000000080018ea                LCD_I2C::reverse(char*, int)
 .text._ZN7LCD_I2C8intToStrEiPci
                0x0000000008001948       0xcc ./Core/LCDI2C.o
                0x0000000008001948                LCD_I2C::intToStr(int, char*, int)
 .text._ZN7LCD_I2C4ftoaEfPc
                0x0000000008001a14      0x1b0 ./Core/LCDI2C.o
                0x0000000008001a14                LCD_I2C::ftoa(float, char*)
 .text._ZSt3powIiiEN9__gnu_cxx11__promote_2IT_T0_NS0_9__promoteIS2_XsrSt12__is_integerIS2_E7__valueEE6__typeENS4_IS3_XsrS5_IS3_E7__valueEE6__typeEE6__typeES2_S3_
                0x0000000008001bc4       0x40 ./Core/LCDI2C.o
                0x0000000008001bc4                __gnu_cxx::__promote_2<int, int, __gnu_cxx::__promote<int, std::__is_integer<int>::__value>::__type, __gnu_cxx::__promote<int, std::__is_integer<int>::__value>::__type>::__type std::pow<int, int>(int, int)
 .text._ZN3PinC2Ev
                0x0000000008001c04       0x16 ./Core/Pin.o
                0x0000000008001c04                Pin::Pin()
                0x0000000008001c04                Pin::Pin()
 .text._ZN3Pin3setEP12GPIO_TypeDeft
                0x0000000008001c1a       0x26 ./Core/Pin.o
                0x0000000008001c1a                Pin::set(GPIO_TypeDef*, unsigned short)
 .text._ZN3Pin4portEv
                0x0000000008001c40       0x18 ./Core/Pin.o
                0x0000000008001c40                Pin::port()
 .text._ZN3Pin3pinEv
                0x0000000008001c58       0x18 ./Core/Pin.o
                0x0000000008001c58                Pin::pin()
 .text._ZN6DeviceC2Ev
                0x0000000008001c70       0x40 ./Core/Pirani.o
                0x0000000008001c70                Device::Device()
                0x0000000008001c70                Device::Device()
 .text._ZN6PiraniC2Ef
                0x0000000008001cb0       0x48 ./Core/Pirani.o
                0x0000000008001cb0                Pirani::Pirani(float)
                0x0000000008001cb0                Pirani::Pirani(float)
 .text._ZN6Pirani6updateEf
                0x0000000008001cf8       0x90 ./Core/Pirani.o
                0x0000000008001cf8                Pirani::update(float)
 .text._ZN6Pirani8getValueEv
                0x0000000008001d88       0x1e ./Core/Pirani.o
                0x0000000008001d88                Pirani::getValue()
 *fill*         0x0000000008001da6        0x2 
 .text._ZN6Pirani7getUnitB5cxx11Ev
                0x0000000008001da8       0x38 ./Core/Pirani.o
                0x0000000008001da8                Pirani::getUnit[abi:cxx11]()
 .text._ZSt3powIifEN9__gnu_cxx11__promote_2IT_T0_NS0_9__promoteIS2_XsrSt12__is_integerIS2_E7__valueEE6__typeENS4_IS3_XsrS5_IS3_E7__valueEE6__typeEE6__typeES2_S3_
                0x0000000008001de0       0x42 ./Core/Pirani.o
                0x0000000008001de0                __gnu_cxx::__promote_2<int, float, __gnu_cxx::__promote<int, std::__is_integer<int>::__value>::__type, __gnu_cxx::__promote<float, std::__is_integer<float>::__value>::__type>::__type std::pow<int, float>(int, float)
 *fill*         0x0000000008001e22        0x2 
 .text._ZN9TurboPumpC2Ev
                0x0000000008001e24       0x5c ./Core/TurboPump.o
                0x0000000008001e24                TurboPump::TurboPump()
                0x0000000008001e24                TurboPump::TurboPump()
 .text._ZN9TurboPumpC2E3PinS0_fffNSt7__cxx1112basic_stringIcSt11char_traitsIcESaIcEEEP6Pirani
                0x0000000008001e80       0xd0 ./Core/TurboPump.o
                0x0000000008001e80                TurboPump::TurboPump(Pin, Pin, float, float, float, std::__cxx11::basic_string<char, std::char_traits<char>, std::allocator<char> >, Pirani*)
                0x0000000008001e80                TurboPump::TurboPump(Pin, Pin, float, float, float, std::__cxx11::basic_string<char, std::char_traits<char>, std::allocator<char> >, Pirani*)
 .text._ZN9TurboPump6updateEf
                0x0000000008001f50       0x4e ./Core/TurboPump.o
                0x0000000008001f50                TurboPump::update(float)
 *fill*         0x0000000008001f9e        0x2 
 .text._ZN9TurboPump8getValueEv
                0x0000000008001fa0       0x3c ./Core/TurboPump.o
                0x0000000008001fa0                TurboPump::getValue()
 .text._ZN9TurboPump10checkFaultEv
                0x0000000008001fdc       0x9c ./Core/TurboPump.o
                0x0000000008001fdc                TurboPump::checkFault()
 .text._ZN9TurboPump5startEv
                0x0000000008002078       0x7e ./Core/TurboPump.o
                0x0000000008002078                TurboPump::start()
 .text._ZN9TurboPump4stopEv
                0x00000000080020f6       0x3a ./Core/TurboPump.o
                0x00000000080020f6                TurboPump::stop()
 .text._ZN9TurboPump7getUnitB5cxx11Ev
                0x0000000008002130       0x38 ./Core/TurboPump.o
                0x0000000008002130                TurboPump::getUnit[abi:cxx11]()
 .text._ZN9TurboPump9isRunningEv
                0x0000000008002168       0x1a ./Core/TurboPump.o
                0x0000000008002168                TurboPump::isRunning()
 .text._ZStplIcSt11char_traitsIcESaIcEENSt7__cxx1112basic_stringIT_T0_T1_EERKS8_PKS5_
                0x0000000008002182       0x26 ./Core/TurboPump.o
                0x0000000008002182                std::__cxx11::basic_string<char, std::char_traits<char>, std::allocator<char> > std::operator+<char, std::char_traits<char>, std::allocator<char> >(std::__cxx11::basic_string<char, std::char_traits<char>, std::allocator<char> > const&, char const*)
 .text._ZN6DeviceD2Ev
                0x00000000080021a8       0x28 ./Core/Src/main.o
                0x00000000080021a8                Device::~Device()
                0x00000000080021a8                Device::~Device()
 .text._ZN9TurboPumpD2Ev
                0x00000000080021d0       0x24 ./Core/Src/main.o
                0x00000000080021d0                TurboPump::~TurboPump()
                0x00000000080021d0                TurboPump::~TurboPump()
 .text._ZN6DeviceaSEOS_
                0x00000000080021f4       0x4e ./Core/Src/main.o
                0x00000000080021f4                Device::operator=(Device&&)
 .text._ZN9TurboPumpaSEOS_
                0x0000000008002242       0x74 ./Core/Src/main.o
                0x0000000008002242                TurboPump::operator=(TurboPump&&)
 *fill*         0x00000000080022b6        0x2 
 .text.main     0x00000000080022b8      0x640 ./Core/Src/main.o
                0x00000000080022b8                main
 .text._ZL16ConvertToVoltagemm
                0x00000000080028f8       0x68 ./Core/Src/main.o
 .text.HAL_GPIO_EXTI_Callback
                0x0000000008002960       0x48 ./Core/Src/main.o
                0x0000000008002960                HAL_GPIO_EXTI_Callback
 .text.HAL_TIM_PeriodElapsedCallback
                0x00000000080029a8       0x50 ./Core/Src/main.o
                0x00000000080029a8                HAL_TIM_PeriodElapsedCallback
 .text._Z18SystemClock_Configv
                0x00000000080029f8       0xda ./Core/Src/main.o
                0x00000000080029f8                SystemClock_Config()
 *fill*         0x0000000008002ad2        0x2 
 .text._ZL12MX_ADC1_Initv
                0x0000000008002ad4      0x174 ./Core/Src/main.o
 .text._ZL12MX_I2C1_Initv
                0x0000000008002c48       0x9c ./Core/Src/main.o
 .text._ZL12MX_TIM1_Initv
                0x0000000008002ce4       0xc4 ./Core/Src/main.o
 .text._ZL12MX_TIM4_Initv
                0x0000000008002da8       0xc0 ./Core/Src/main.o
 .text._ZL19MX_USART1_UART_Initv
                0x0000000008002e68       0x68 ./Core/Src/main.o
 .text._ZL12MX_GPIO_Initv
                0x0000000008002ed0      0x120 ./Core/Src/main.o
 .text.Error_Handler
                0x0000000008002ff0        0xa ./Core/Src/main.o
                0x0000000008002ff0                Error_Handler
 .text._ZN7DisplayD2Ev
                0x0000000008002ffa       0x1c ./Core/Src/main.o
                0x0000000008002ffa                Display::~Display()
                0x0000000008002ffa                Display::~Display()
 *fill*         0x0000000008003016        0x2 
 .text._ZN6PiraniD2Ev
                0x0000000008003018       0x24 ./Core/Src/main.o
                0x0000000008003018                Pirani::~Pirani()
                0x0000000008003018                Pirani::~Pirani()
 .text._Z41__static_initialization_and_destruction_0ii
                0x000000000800303c       0xac ./Core/Src/main.o
 .text._GLOBAL__sub_I_hadc1
                0x00000000080030e8       0x10 ./Core/Src/main.o
 .text._GLOBAL__sub_D_hadc1
                0x00000000080030f8       0x10 ./Core/Src/main.o
 .text.HAL_MspInit
                0x0000000008003108       0x48 ./Core/Src/stm32f3xx_hal_msp.o
                0x0000000008003108                HAL_MspInit
 .text.HAL_ADC_MspInit
                0x0000000008003150       0x78 ./Core/Src/stm32f3xx_hal_msp.o
                0x0000000008003150                HAL_ADC_MspInit
 .text.HAL_I2C_MspInit
                0x00000000080031c8       0x88 ./Core/Src/stm32f3xx_hal_msp.o
                0x00000000080031c8                HAL_I2C_MspInit
 .text.HAL_TIM_Base_MspInit
                0x0000000008003250       0x7c ./Core/Src/stm32f3xx_hal_msp.o
                0x0000000008003250                HAL_TIM_Base_MspInit
 .text.HAL_TIM_Encoder_MspInit
                0x00000000080032cc       0x88 ./Core/Src/stm32f3xx_hal_msp.o
                0x00000000080032cc                HAL_TIM_Encoder_MspInit
 .text.HAL_UART_MspInit
                0x0000000008003354       0x88 ./Core/Src/stm32f3xx_hal_msp.o
                0x0000000008003354                HAL_UART_MspInit
 .text.NMI_Handler
                0x00000000080033dc        0x6 ./Core/Src/stm32f3xx_it.o
                0x00000000080033dc                NMI_Handler
 .text.HardFault_Handler
                0x00000000080033e2        0x6 ./Core/Src/stm32f3xx_it.o
                0x00000000080033e2                HardFault_Handler
 .text.MemManage_Handler
                0x00000000080033e8        0x6 ./Core/Src/stm32f3xx_it.o
                0x00000000080033e8                MemManage_Handler
 .text.BusFault_Handler
                0x00000000080033ee        0x6 ./Core/Src/stm32f3xx_it.o
                0x00000000080033ee                BusFault_Handler
 .text.UsageFault_Handler
                0x00000000080033f4        0x6 ./Core/Src/stm32f3xx_it.o
                0x00000000080033f4                UsageFault_Handler
 .text.SVC_Handler
                0x00000000080033fa        0xe ./Core/Src/stm32f3xx_it.o
                0x00000000080033fa                SVC_Handler
 .text.DebugMon_Handler
                0x0000000008003408        0xe ./Core/Src/stm32f3xx_it.o
                0x0000000008003408                DebugMon_Handler
 .text.PendSV_Handler
                0x0000000008003416        0xe ./Core/Src/stm32f3xx_it.o
                0x0000000008003416                PendSV_Handler
 .text.SysTick_Handler
                0x0000000008003424        0xc ./Core/Src/stm32f3xx_it.o
                0x0000000008003424                SysTick_Handler
 .text.TIM1_BRK_TIM15_IRQHandler
                0x0000000008003430       0x14 ./Core/Src/stm32f3xx_it.o
                0x0000000008003430                TIM1_BRK_TIM15_IRQHandler
 .text.TIM1_UP_TIM16_IRQHandler
                0x0000000008003444       0x14 ./Core/Src/stm32f3xx_it.o
                0x0000000008003444                TIM1_UP_TIM16_IRQHandler
 .text.TIM1_TRG_COM_TIM17_IRQHandler
                0x0000000008003458       0x14 ./Core/Src/stm32f3xx_it.o
                0x0000000008003458                TIM1_TRG_COM_TIM17_IRQHandler
 .text.TIM1_CC_IRQHandler
                0x000000000800346c       0x14 ./Core/Src/stm32f3xx_it.o
                0x000000000800346c                TIM1_CC_IRQHandler
 .text.EXTI15_10_IRQHandler
                0x0000000008003480       0x10 ./Core/Src/stm32f3xx_it.o
                0x0000000008003480                EXTI15_10_IRQHandler
 .text._getpid  0x0000000008003490       0x10 ./Core/Src/syscalls.o
                0x0000000008003490                _getpid
 .text._kill    0x00000000080034a0       0x20 ./Core/Src/syscalls.o
                0x00000000080034a0                _kill
 .text._exit    0x00000000080034c0       0x14 ./Core/Src/syscalls.o
                0x00000000080034c0                _exit
 .text._read    0x00000000080034d4       0x3a ./Core/Src/syscalls.o
                0x00000000080034d4                _read
 .text._write   0x000000000800350e       0x38 ./Core/Src/syscalls.o
                0x000000000800350e                _write
 .text._close   0x0000000008003546       0x18 ./Core/Src/syscalls.o
                0x0000000008003546                _close
 .text._fstat   0x000000000800355e       0x20 ./Core/Src/syscalls.o
                0x000000000800355e                _fstat
 .text._isatty  0x000000000800357e       0x16 ./Core/Src/syscalls.o
                0x000000000800357e                _isatty
 .text._lseek   0x0000000008003594       0x1a ./Core/Src/syscalls.o
                0x0000000008003594                _lseek
 *fill*         0x00000000080035ae        0x2 
 .text._sbrk    0x00000000080035b0       0x6c ./Core/Src/sysmem.o
                0x00000000080035b0                _sbrk
 .text.SystemInit
                0x000000000800361c       0x24 ./Core/Src/system_stm32f3xx.o
                0x000000000800361c                SystemInit
 .text.Reset_Handler
                0x0000000008003640       0x50 ./Core/Startup/startup_stm32f303vctx.o
                0x0000000008003640                Reset_Handler
 .text.Default_Handler
                0x0000000008003690        0x2 ./Core/Startup/startup_stm32f303vctx.o
                0x0000000008003690                RTC_Alarm_IRQHandler
                0x0000000008003690                TIM8_TRG_COM_IRQHandler
                0x0000000008003690                TIM8_CC_IRQHandler
                0x0000000008003690                USB_HP_IRQHandler
                0x0000000008003690                PVD_IRQHandler
                0x0000000008003690                TAMP_STAMP_IRQHandler
                0x0000000008003690                EXTI3_IRQHandler
                0x0000000008003690                USB_HP_CAN_TX_IRQHandler
                0x0000000008003690                EXTI0_IRQHandler
                0x0000000008003690                I2C2_EV_IRQHandler
                0x0000000008003690                FPU_IRQHandler
                0x0000000008003690                ADC1_2_IRQHandler
                0x0000000008003690                SPI1_IRQHandler
                0x0000000008003690                CAN_SCE_IRQHandler
                0x0000000008003690                TIM6_DAC_IRQHandler
                0x0000000008003690                TIM8_UP_IRQHandler
                0x0000000008003690                DMA2_Channel2_IRQHandler
                0x0000000008003690                DMA1_Channel4_IRQHandler
                0x0000000008003690                USART3_IRQHandler
                0x0000000008003690                DMA1_Channel7_IRQHandler
                0x0000000008003690                UART5_IRQHandler
                0x0000000008003690                ADC3_IRQHandler
                0x0000000008003690                TIM4_IRQHandler
                0x0000000008003690                CAN_RX1_IRQHandler
                0x0000000008003690                DMA2_Channel1_IRQHandler
                0x0000000008003690                I2C1_EV_IRQHandler
                0x0000000008003690                DMA1_Channel6_IRQHandler
                0x0000000008003690                UART4_IRQHandler
                0x0000000008003690                DMA2_Channel4_IRQHandler
                0x0000000008003690                TIM3_IRQHandler
                0x0000000008003690                RCC_IRQHandler
                0x0000000008003690                DMA1_Channel1_IRQHandler
                0x0000000008003690                Default_Handler
                0x0000000008003690                USBWakeUp_RMP_IRQHandler
                0x0000000008003690                TIM7_IRQHandler
                0x0000000008003690                EXTI9_5_IRQHandler
                0x0000000008003690                RTC_WKUP_IRQHandler
                0x0000000008003690                SPI2_IRQHandler
                0x0000000008003690                USB_LP_CAN_RX0_IRQHandler
                0x0000000008003690                DMA2_Channel5_IRQHandler
                0x0000000008003690                DMA1_Channel5_IRQHandler
                0x0000000008003690                USB_LP_IRQHandler
                0x0000000008003690                EXTI4_IRQHandler
                0x0000000008003690                DMA1_Channel3_IRQHandler
                0x0000000008003690                ADC4_IRQHandler
                0x0000000008003690                WWDG_IRQHandler
                0x0000000008003690                TIM2_IRQHandler
                0x0000000008003690                COMP7_IRQHandler
                0x0000000008003690                COMP1_2_3_IRQHandler
                0x0000000008003690                EXTI1_IRQHandler
                0x0000000008003690                USART2_IRQHandler
                0x0000000008003690                COMP4_5_6_IRQHandler
                0x0000000008003690                I2C2_ER_IRQHandler
                0x0000000008003690                DMA1_Channel2_IRQHandler
                0x0000000008003690                TIM8_BRK_IRQHandler
                0x0000000008003690                FLASH_IRQHandler
                0x0000000008003690                USART1_IRQHandler
                0x0000000008003690                SPI3_IRQHandler
                0x0000000008003690                I2C1_ER_IRQHandler
                0x0000000008003690                USBWakeUp_IRQHandler
                0x0000000008003690                DMA2_Channel3_IRQHandler
                0x0000000008003690                EXTI2_TSC_IRQHandler
 *fill*         0x0000000008003692        0x2 
 .text.HAL_Init
                0x0000000008003694       0x2c ./Drivers/STM32F3xx_HAL_Driver/Src/stm32f3xx_hal.o
                0x0000000008003694                HAL_Init
 .text.HAL_InitTick
                0x00000000080036c0       0x60 ./Drivers/STM32F3xx_HAL_Driver/Src/stm32f3xx_hal.o
                0x00000000080036c0                HAL_InitTick
 .text.HAL_IncTick
                0x0000000008003720       0x28 ./Drivers/STM32F3xx_HAL_Driver/Src/stm32f3xx_hal.o
                0x0000000008003720                HAL_IncTick
 .text.HAL_GetTick
                0x0000000008003748       0x18 ./Drivers/STM32F3xx_HAL_Driver/Src/stm32f3xx_hal.o
                0x0000000008003748                HAL_GetTick
 .text.HAL_Delay
                0x0000000008003760       0x48 ./Drivers/STM32F3xx_HAL_Driver/Src/stm32f3xx_hal.o
                0x0000000008003760                HAL_Delay
 .text.HAL_ADC_Init
                0x00000000080037a8      0x3c0 ./Drivers/STM32F3xx_HAL_Driver/Src/stm32f3xx_hal_adc_ex.o
                0x00000000080037a8                HAL_ADC_Init
 .text.HAL_ADC_Start
                0x0000000008003b68      0x22c ./Drivers/STM32F3xx_HAL_Driver/Src/stm32f3xx_hal_adc_ex.o
                0x0000000008003b68                HAL_ADC_Start
 .text.HAL_ADC_PollForConversion
                0x0000000008003d94      0x204 ./Drivers/STM32F3xx_HAL_Driver/Src/stm32f3xx_hal_adc_ex.o
                0x0000000008003d94                HAL_ADC_PollForConversion
 .text.HAL_ADC_GetValue
                0x0000000008003f98       0x1a ./Drivers/STM32F3xx_HAL_Driver/Src/stm32f3xx_hal_adc_ex.o
                0x0000000008003f98                HAL_ADC_GetValue
 *fill*         0x0000000008003fb2        0x2 
 .text.HAL_ADC_ConfigChannel
                0x0000000008003fb4      0x5d8 ./Drivers/STM32F3xx_HAL_Driver/Src/stm32f3xx_hal_adc_ex.o
                0x0000000008003fb4                HAL_ADC_ConfigChannel
 .text.HAL_ADCEx_MultiModeConfigChannel
                0x000000000800458c      0x1e4 ./Drivers/STM32F3xx_HAL_Driver/Src/stm32f3xx_hal_adc_ex.o
                0x000000000800458c                HAL_ADCEx_MultiModeConfigChannel
 .text.ADC_Enable
                0x0000000008004770       0xc8 ./Drivers/STM32F3xx_HAL_Driver/Src/stm32f3xx_hal_adc_ex.o
 .text.ADC_Disable
                0x0000000008004838       0xcc ./Drivers/STM32F3xx_HAL_Driver/Src/stm32f3xx_hal_adc_ex.o
 .text.__NVIC_SetPriorityGrouping
                0x0000000008004904       0x48 ./Drivers/STM32F3xx_HAL_Driver/Src/stm32f3xx_hal_cortex.o
 .text.__NVIC_GetPriorityGrouping
                0x000000000800494c       0x1c ./Drivers/STM32F3xx_HAL_Driver/Src/stm32f3xx_hal_cortex.o
 .text.__NVIC_EnableIRQ
                0x0000000008004968       0x3c ./Drivers/STM32F3xx_HAL_Driver/Src/stm32f3xx_hal_cortex.o
 .text.__NVIC_SetPriority
                0x00000000080049a4       0x54 ./Drivers/STM32F3xx_HAL_Driver/Src/stm32f3xx_hal_cortex.o
 .text.NVIC_EncodePriority
                0x00000000080049f8       0x66 ./Drivers/STM32F3xx_HAL_Driver/Src/stm32f3xx_hal_cortex.o
 *fill*         0x0000000008004a5e        0x2 
 .text.SysTick_Config
                0x0000000008004a60       0x44 ./Drivers/STM32F3xx_HAL_Driver/Src/stm32f3xx_hal_cortex.o
 .text.HAL_NVIC_SetPriorityGrouping
                0x0000000008004aa4       0x16 ./Drivers/STM32F3xx_HAL_Driver/Src/stm32f3xx_hal_cortex.o
                0x0000000008004aa4                HAL_NVIC_SetPriorityGrouping
 .text.HAL_NVIC_SetPriority
                0x0000000008004aba       0x38 ./Drivers/STM32F3xx_HAL_Driver/Src/stm32f3xx_hal_cortex.o
                0x0000000008004aba                HAL_NVIC_SetPriority
 .text.HAL_NVIC_EnableIRQ
                0x0000000008004af2       0x1c ./Drivers/STM32F3xx_HAL_Driver/Src/stm32f3xx_hal_cortex.o
                0x0000000008004af2                HAL_NVIC_EnableIRQ
 .text.HAL_SYSTICK_Config
                0x0000000008004b0e       0x18 ./Drivers/STM32F3xx_HAL_Driver/Src/stm32f3xx_hal_cortex.o
                0x0000000008004b0e                HAL_SYSTICK_Config
 *fill*         0x0000000008004b26        0x2 
 .text.HAL_GPIO_Init
                0x0000000008004b28      0x2f4 ./Drivers/STM32F3xx_HAL_Driver/Src/stm32f3xx_hal_gpio.o
                0x0000000008004b28                HAL_GPIO_Init
 .text.HAL_GPIO_ReadPin
                0x0000000008004e1c       0x30 ./Drivers/STM32F3xx_HAL_Driver/Src/stm32f3xx_hal_gpio.o
                0x0000000008004e1c                HAL_GPIO_ReadPin
 .text.HAL_GPIO_WritePin
                0x0000000008004e4c       0x30 ./Drivers/STM32F3xx_HAL_Driver/Src/stm32f3xx_hal_gpio.o
                0x0000000008004e4c                HAL_GPIO_WritePin
 .text.HAL_GPIO_TogglePin
                0x0000000008004e7c       0x34 ./Drivers/STM32F3xx_HAL_Driver/Src/stm32f3xx_hal_gpio.o
                0x0000000008004e7c                HAL_GPIO_TogglePin
 .text.HAL_GPIO_EXTI_IRQHandler
                0x0000000008004eb0       0x30 ./Drivers/STM32F3xx_HAL_Driver/Src/stm32f3xx_hal_gpio.o
                0x0000000008004eb0                HAL_GPIO_EXTI_IRQHandler
 .text.HAL_I2C_Init
                0x0000000008004ee0      0x11e ./Drivers/STM32F3xx_HAL_Driver/Src/stm32f3xx_hal_i2c.o
                0x0000000008004ee0                HAL_I2C_Init
 *fill*         0x0000000008004ffe        0x2 
 .text.HAL_I2C_Master_Transmit
                0x0000000008005000      0x1e8 ./Drivers/STM32F3xx_HAL_Driver/Src/stm32f3xx_hal_i2c.o
                0x0000000008005000                HAL_I2C_Master_Transmit
 .text.I2C_Flush_TXDR
                0x00000000080051e8       0x48 ./Drivers/STM32F3xx_HAL_Driver/Src/stm32f3xx_hal_i2c.o
 .text.I2C_WaitOnFlagUntilTimeout
                0x0000000008005230       0x80 ./Drivers/STM32F3xx_HAL_Driver/Src/stm32f3xx_hal_i2c.o
 .text.I2C_WaitOnTXISFlagUntilTimeout
                0x00000000080052b0       0x80 ./Drivers/STM32F3xx_HAL_Driver/Src/stm32f3xx_hal_i2c.o
 .text.I2C_WaitOnSTOPFlagUntilTimeout
                0x0000000008005330       0x78 ./Drivers/STM32F3xx_HAL_Driver/Src/stm32f3xx_hal_i2c.o
 .text.I2C_IsAcknowledgeFailed
                0x00000000080053a8       0xec ./Drivers/STM32F3xx_HAL_Driver/Src/stm32f3xx_hal_i2c.o
 .text.I2C_TransferConfig
                0x0000000008005494       0x5c ./Drivers/STM32F3xx_HAL_Driver/Src/stm32f3xx_hal_i2c.o
 .text.HAL_I2CEx_ConfigAnalogFilter
                0x00000000080054f0       0x96 ./Drivers/STM32F3xx_HAL_Driver/Src/stm32f3xx_hal_i2c_ex.o
                0x00000000080054f0                HAL_I2CEx_ConfigAnalogFilter
 .text.HAL_I2CEx_ConfigDigitalFilter
                0x0000000008005586       0x98 ./Drivers/STM32F3xx_HAL_Driver/Src/stm32f3xx_hal_i2c_ex.o
                0x0000000008005586                HAL_I2CEx_ConfigDigitalFilter
 *fill*         0x000000000800561e        0x2 
 .text.HAL_RCC_OscConfig
                0x0000000008005620      0xe10 ./Drivers/STM32F3xx_HAL_Driver/Src/stm32f3xx_hal_rcc.o
                0x0000000008005620                HAL_RCC_OscConfig
 .text.HAL_RCC_ClockConfig
                0x0000000008006430      0x2f8 ./Drivers/STM32F3xx_HAL_Driver/Src/stm32f3xx_hal_rcc.o
                0x0000000008006430                HAL_RCC_ClockConfig
 .text.HAL_RCC_GetSysClockFreq
                0x0000000008006728       0xd4 ./Drivers/STM32F3xx_HAL_Driver/Src/stm32f3xx_hal_rcc.o
                0x0000000008006728                HAL_RCC_GetSysClockFreq
 .text.HAL_RCC_GetHCLKFreq
                0x00000000080067fc       0x18 ./Drivers/STM32F3xx_HAL_Driver/Src/stm32f3xx_hal_rcc.o
                0x00000000080067fc                HAL_RCC_GetHCLKFreq
 .text.HAL_RCC_GetPCLK1Freq
                0x0000000008006814       0x44 ./Drivers/STM32F3xx_HAL_Driver/Src/stm32f3xx_hal_rcc.o
                0x0000000008006814                HAL_RCC_GetPCLK1Freq
 .text.HAL_RCC_GetPCLK2Freq
                0x0000000008006858       0x44 ./Drivers/STM32F3xx_HAL_Driver/Src/stm32f3xx_hal_rcc.o
                0x0000000008006858                HAL_RCC_GetPCLK2Freq
 .text.HAL_RCCEx_PeriphCLKConfig
                0x000000000800689c      0x360 ./Drivers/STM32F3xx_HAL_Driver/Src/stm32f3xx_hal_rcc_ex.o
                0x000000000800689c                HAL_RCCEx_PeriphCLKConfig
 .text.HAL_TIM_Base_Init
                0x0000000008006bfc       0xae ./Drivers/STM32F3xx_HAL_Driver/Src/stm32f3xx_hal_tim.o
                0x0000000008006bfc                HAL_TIM_Base_Init
 *fill*         0x0000000008006caa        0x2 
 .text.HAL_TIM_Base_Start_IT
                0x0000000008006cac       0xd4 ./Drivers/STM32F3xx_HAL_Driver/Src/stm32f3xx_hal_tim.o
                0x0000000008006cac                HAL_TIM_Base_Start_IT
 .text.HAL_TIM_Base_Stop_IT
                0x0000000008006d80       0x5e ./Drivers/STM32F3xx_HAL_Driver/Src/stm32f3xx_hal_tim.o
                0x0000000008006d80                HAL_TIM_Base_Stop_IT
 .text.HAL_TIM_Encoder_Init
                0x0000000008006dde      0x14c ./Drivers/STM32F3xx_HAL_Driver/Src/stm32f3xx_hal_tim.o
                0x0000000008006dde                HAL_TIM_Encoder_Init
 .text.HAL_TIM_Encoder_Start
                0x0000000008006f2a      0x11c ./Drivers/STM32F3xx_HAL_Driver/Src/stm32f3xx_hal_tim.o
                0x0000000008006f2a                HAL_TIM_Encoder_Start
 .text.HAL_TIM_IRQHandler
                0x0000000008007046      0x23e ./Drivers/STM32F3xx_HAL_Driver/Src/stm32f3xx_hal_tim.o
                0x0000000008007046                HAL_TIM_IRQHandler
 .text.HAL_TIM_ConfigClockSource
                0x0000000008007284      0x192 ./Drivers/STM32F3xx_HAL_Driver/Src/stm32f3xx_hal_tim.o
                0x0000000008007284                HAL_TIM_ConfigClockSource
 .text.HAL_TIM_OC_DelayElapsedCallback
                0x0000000008007416       0x14 ./Drivers/STM32F3xx_HAL_Driver/Src/stm32f3xx_hal_tim.o
                0x0000000008007416                HAL_TIM_OC_DelayElapsedCallback
 .text.HAL_TIM_IC_CaptureCallback
                0x000000000800742a       0x14 ./Drivers/STM32F3xx_HAL_Driver/Src/stm32f3xx_hal_tim.o
                0x000000000800742a                HAL_TIM_IC_CaptureCallback
 .text.HAL_TIM_PWM_PulseFinishedCallback
                0x000000000800743e       0x14 ./Drivers/STM32F3xx_HAL_Driver/Src/stm32f3xx_hal_tim.o
                0x000000000800743e                HAL_TIM_PWM_PulseFinishedCallback
 .text.HAL_TIM_TriggerCallback
                0x0000000008007452       0x14 ./Drivers/STM32F3xx_HAL_Driver/Src/stm32f3xx_hal_tim.o
                0x0000000008007452                HAL_TIM_TriggerCallback
 *fill*         0x0000000008007466        0x2 
 .text.TIM_Base_SetConfig
                0x0000000008007468      0x120 ./Drivers/STM32F3xx_HAL_Driver/Src/stm32f3xx_hal_tim.o
                0x0000000008007468                TIM_Base_SetConfig
 .text.TIM_TI1_ConfigInputStage
                0x0000000008007588       0x5e ./Drivers/STM32F3xx_HAL_Driver/Src/stm32f3xx_hal_tim.o
 .text.TIM_TI2_ConfigInputStage
                0x00000000080075e6       0x60 ./Drivers/STM32F3xx_HAL_Driver/Src/stm32f3xx_hal_tim.o
 .text.TIM_ITRx_SetConfig
                0x0000000008007646       0x36 ./Drivers/STM32F3xx_HAL_Driver/Src/stm32f3xx_hal_tim.o
 .text.TIM_ETR_SetConfig
                0x000000000800767c       0x40 ./Drivers/STM32F3xx_HAL_Driver/Src/stm32f3xx_hal_tim.o
                0x000000000800767c                TIM_ETR_SetConfig
 .text.TIM_CCxChannelCmd
                0x00000000080076bc       0x4a ./Drivers/STM32F3xx_HAL_Driver/Src/stm32f3xx_hal_tim.o
                0x00000000080076bc                TIM_CCxChannelCmd
 *fill*         0x0000000008007706        0x2 
 .text.HAL_TIMEx_MasterConfigSynchronization
                0x0000000008007708      0x100 ./Drivers/STM32F3xx_HAL_Driver/Src/stm32f3xx_hal_tim_ex.o
                0x0000000008007708                HAL_TIMEx_MasterConfigSynchronization
 .text.HAL_TIMEx_CommutCallback
                0x0000000008007808       0x14 ./Drivers/STM32F3xx_HAL_Driver/Src/stm32f3xx_hal_tim_ex.o
                0x0000000008007808                HAL_TIMEx_CommutCallback
 .text.HAL_TIMEx_BreakCallback
                0x000000000800781c       0x14 ./Drivers/STM32F3xx_HAL_Driver/Src/stm32f3xx_hal_tim_ex.o
                0x000000000800781c                HAL_TIMEx_BreakCallback
 .text.HAL_TIMEx_Break2Callback
                0x0000000008007830       0x14 ./Drivers/STM32F3xx_HAL_Driver/Src/stm32f3xx_hal_tim_ex.o
                0x0000000008007830                HAL_TIMEx_Break2Callback
 .text.HAL_UART_Init
                0x0000000008007844       0x9c ./Drivers/STM32F3xx_HAL_Driver/Src/stm32f3xx_hal_uart.o
                0x0000000008007844                HAL_UART_Init
 .text.HAL_UART_Transmit
                0x00000000080078e0      0x128 ./Drivers/STM32F3xx_HAL_Driver/Src/stm32f3xx_hal_uart.o
                0x00000000080078e0                HAL_UART_Transmit
 .text.UART_SetConfig
                0x0000000008007a08      0x3a8 ./Drivers/STM32F3xx_HAL_Driver/Src/stm32f3xx_hal_uart.o
                0x0000000008007a08                UART_SetConfig
 .text.UART_AdvFeatureConfig
                0x0000000008007db0      0x144 ./Drivers/STM32F3xx_HAL_Driver/Src/stm32f3xx_hal_uart.o
                0x0000000008007db0                UART_AdvFeatureConfig
 .text.UART_CheckIdleState
                0x0000000008007ef4       0x92 ./Drivers/STM32F3xx_HAL_Driver/Src/stm32f3xx_hal_uart.o
                0x0000000008007ef4                UART_CheckIdleState
 .text.UART_WaitOnFlagUntilTimeout
                0x0000000008007f86      0x188 ./Drivers/STM32F3xx_HAL_Driver/Src/stm32f3xx_hal_uart.o
                0x0000000008007f86                UART_WaitOnFlagUntilTimeout
 .text._Znwj    0x000000000800810e       0x22 /home/cat/st/stm32cubeide_1.7.0/plugins/com.st.stm32cube.ide.mcu.externaltools.gnu-tools-for-stm32.9-2020-q2-update.linux64_2.0.0.202105311346/tools/bin/../lib/gcc/arm-none-eabi/9.3.1/../../../../arm-none-eabi/lib/thumb/v7e-m+fp/hard/libstdc++_nano.a(new_op.o)
                0x000000000800810e                operator new(unsigned int)
 .text.__cxa_pure_virtual
                0x0000000008008130        0x6 /home/cat/st/stm32cubeide_1.7.0/plugins/com.st.stm32cube.ide.mcu.externaltools.gnu-tools-for-stm32.9-2020-q2-update.linux64_2.0.0.202105311346/tools/bin/../lib/gcc/arm-none-eabi/9.3.1/../../../../arm-none-eabi/lib/thumb/v7e-m+fp/hard/libstdc++_nano.a(pure.o)
                0x0000000008008130                __cxa_pure_virtual
 .text._ZNSaIcEC2Ev
                0x0000000008008136        0x2 /home/cat/st/stm32cubeide_1.7.0/plugins/com.st.stm32cube.ide.mcu.externaltools.gnu-tools-for-stm32.9-2020-q2-update.linux64_2.0.0.202105311346/tools/bin/../lib/gcc/arm-none-eabi/9.3.1/../../../../arm-none-eabi/lib/thumb/v7e-m+fp/hard/libstdc++_nano.a(allocator-inst.o)
                0x0000000008008136                std::allocator<char>::allocator()
                0x0000000008008136                std::allocator<char>::allocator()
 .text._ZNSaIcED2Ev
                0x0000000008008138        0x2 /home/cat/st/stm32cubeide_1.7.0/plugins/com.st.stm32cube.ide.mcu.externaltools.gnu-tools-for-stm32.9-2020-q2-update.linux64_2.0.0.202105311346/tools/bin/../lib/gcc/arm-none-eabi/9.3.1/../../../../arm-none-eabi/lib/thumb/v7e-m+fp/hard/libstdc++_nano.a(allocator-inst.o)
                0x0000000008008138                std::allocator<char>::~allocator()
                0x0000000008008138                std::allocator<char>::~allocator()
 .text._ZNSt11char_traitsIcE4copyEPcPKcj
                0x000000000800813a        0x8 /home/cat/st/stm32cubeide_1.7.0/plugins/com.st.stm32cube.ide.mcu.externaltools.gnu-tools-for-stm32.9-2020-q2-update.linux64_2.0.0.202105311346/tools/bin/../lib/gcc/arm-none-eabi/9.3.1/../../../../arm-none-eabi/lib/thumb/v7e-m+fp/hard/libstdc++_nano.a(string-inst.o)
                0x000000000800813a                std::char_traits<char>::copy(char*, char const*, unsigned int)
 *fill*         0x0000000008008142        0x2 
 .text._ZNSt7__cxx1112basic_stringIcSt11char_traitsIcESaIcEE9_M_createERjj
                0x0000000008008144       0x44 /home/cat/st/stm32cubeide_1.7.0/plugins/com.st.stm32cube.ide.mcu.externaltools.gnu-tools-for-stm32.9-2020-q2-update.linux64_2.0.0.202105311346/tools/bin/../lib/gcc/arm-none-eabi/9.3.1/../../../../arm-none-eabi/lib/thumb/v7e-m+fp/hard/libstdc++_nano.a(string-inst.o)
                0x0000000008008144                std::__cxx11::basic_string<char, std::char_traits<char>, std::allocator<char> >::_M_create(unsigned int&, unsigned int)
 .text._ZNSt7__cxx1112basic_stringIcSt11char_traitsIcESaIcEE10_M_disposeEv
                0x0000000008008188       0x10 /home/cat/st/stm32cubeide_1.7.0/plugins/com.st.stm32cube.ide.mcu.externaltools.gnu-tools-for-stm32.9-2020-q2-update.linux64_2.0.0.202105311346/tools/bin/../lib/gcc/arm-none-eabi/9.3.1/../../../../arm-none-eabi/lib/thumb/v7e-m+fp/hard/libstdc++_nano.a(string-inst.o)
                0x0000000008008188                std::__cxx11::basic_string<char, std::char_traits<char>, std::allocator<char> >::_M_dispose()
 .text._ZNKSt7__cxx1112basic_stringIcSt11char_traitsIcESaIcEE15_M_check_lengthEjjPKc
                0x0000000008008198       0x18 /home/cat/st/stm32cubeide_1.7.0/plugins/com.st.stm32cube.ide.mcu.externaltools.gnu-tools-for-stm32.9-2020-q2-update.linux64_2.0.0.202105311346/tools/bin/../lib/gcc/arm-none-eabi/9.3.1/../../../../arm-none-eabi/lib/thumb/v7e-m+fp/hard/libstdc++_nano.a(string-inst.o)
                0x0000000008008198                std::__cxx11::basic_string<char, std::char_traits<char>, std::allocator<char> >::_M_check_length(unsigned int, unsigned int, char const*) const
 .text._ZNKSt7__cxx1112basic_stringIcSt11char_traitsIcESaIcEE11_M_disjunctEPKc
                0x00000000080081b0       0x18 /home/cat/st/stm32cubeide_1.7.0/plugins/com.st.stm32cube.ide.mcu.externaltools.gnu-tools-for-stm32.9-2020-q2-update.linux64_2.0.0.202105311346/tools/bin/../lib/gcc/arm-none-eabi/9.3.1/../../../../arm-none-eabi/lib/thumb/v7e-m+fp/hard/libstdc++_nano.a(string-inst.o)
                0x00000000080081b0                std::__cxx11::basic_string<char, std::char_traits<char>, std::allocator<char> >::_M_disjunct(char const*) const
 .text._ZNSt7__cxx1112basic_stringIcSt11char_traitsIcESaIcEE7_S_copyEPcPKcj
                0x00000000080081c8       0x12 /home/cat/st/stm32cubeide_1.7.0/plugins/com.st.stm32cube.ide.mcu.externaltools.gnu-tools-for-stm32.9-2020-q2-update.linux64_2.0.0.202105311346/tools/bin/../lib/gcc/arm-none-eabi/9.3.1/../../../../arm-none-eabi/lib/thumb/v7e-m+fp/hard/libstdc++_nano.a(string-inst.o)
                0x00000000080081c8                std::__cxx11::basic_string<char, std::char_traits<char>, std::allocator<char> >::_S_copy(char*, char const*, unsigned int)
 .text._ZNSt7__cxx1112basic_stringIcSt11char_traitsIcESaIcEE7_S_moveEPcPKcj
                0x00000000080081da       0x18 /home/cat/st/stm32cubeide_1.7.0/plugins/com.st.stm32cube.ide.mcu.externaltools.gnu-tools-for-stm32.9-2020-q2-update.linux64_2.0.0.202105311346/tools/bin/../lib/gcc/arm-none-eabi/9.3.1/../../../../arm-none-eabi/lib/thumb/v7e-m+fp/hard/libstdc++_nano.a(string-inst.o)
                0x00000000080081da                std::__cxx11::basic_string<char, std::char_traits<char>, std::allocator<char> >::_S_move(char*, char const*, unsigned int)
 .text._ZNSt7__cxx1112basic_stringIcSt11char_traitsIcESaIcEE13_S_copy_charsEPcS5_S5_
                0x00000000080081f2        0xa /home/cat/st/stm32cubeide_1.7.0/plugins/com.st.stm32cube.ide.mcu.externaltools.gnu-tools-for-stm32.9-2020-q2-update.linux64_2.0.0.202105311346/tools/bin/../lib/gcc/arm-none-eabi/9.3.1/../../../../arm-none-eabi/lib/thumb/v7e-m+fp/hard/libstdc++_nano.a(string-inst.o)
                0x00000000080081f2                std::__cxx11::basic_string<char, std::char_traits<char>, std::allocator<char> >::_S_copy_chars(char*, char*, char*)
 .text._ZNSt7__cxx1112basic_stringIcSt11char_traitsIcESaIcEE13_S_copy_charsEPcPKcS7_
                0x00000000080081fc        0xa /home/cat/st/stm32cubeide_1.7.0/plugins/com.st.stm32cube.ide.mcu.externaltools.gnu-tools-for-stm32.9-2020-q2-update.linux64_2.0.0.202105311346/tools/bin/../lib/gcc/arm-none-eabi/9.3.1/../../../../arm-none-eabi/lib/thumb/v7e-m+fp/hard/libstdc++_nano.a(string-inst.o)
                0x00000000080081fc                std::__cxx11::basic_string<char, std::char_traits<char>, std::allocator<char> >::_S_copy_chars(char*, char const*, char const*)
 .text._ZNSt7__cxx1112basic_stringIcSt11char_traitsIcESaIcEE9_M_mutateEjjPKcj
                0x0000000008008206       0x78 /home/cat/st/stm32cubeide_1.7.0/plugins/com.st.stm32cube.ide.mcu.externaltools.gnu-tools-for-stm32.9-2020-q2-update.linux64_2.0.0.202105311346/tools/bin/../lib/gcc/arm-none-eabi/9.3.1/../../../../arm-none-eabi/lib/thumb/v7e-m+fp/hard/libstdc++_nano.a(string-inst.o)
                0x0000000008008206                std::__cxx11::basic_string<char, std::char_traits<char>, std::allocator<char> >::_M_mutate(unsigned int, unsigned int, char const*, unsigned int)
 .text._ZNSt7__cxx1112basic_stringIcSt11char_traitsIcESaIcEEC2Ev
                0x000000000800827e        0xe /home/cat/st/stm32cubeide_1.7.0/plugins/com.st.stm32cube.ide.mcu.externaltools.gnu-tools-for-stm32.9-2020-q2-update.linux64_2.0.0.202105311346/tools/bin/../lib/gcc/arm-none-eabi/9.3.1/../../../../arm-none-eabi/lib/thumb/v7e-m+fp/hard/libstdc++_nano.a(string-inst.o)
                0x000000000800827e                std::__cxx11::basic_string<char, std::char_traits<char>, std::allocator<char> >::basic_string()
                0x000000000800827e                std::__cxx11::basic_string<char, std::char_traits<char>, std::allocator<char> >::basic_string()
 .text._ZNSt7__cxx1112basic_stringIcSt11char_traitsIcESaIcEED2Ev
                0x000000000800828c        0xc /home/cat/st/stm32cubeide_1.7.0/plugins/com.st.stm32cube.ide.mcu.externaltools.gnu-tools-for-stm32.9-2020-q2-update.linux64_2.0.0.202105311346/tools/bin/../lib/gcc/arm-none-eabi/9.3.1/../../../../arm-none-eabi/lib/thumb/v7e-m+fp/hard/libstdc++_nano.a(string-inst.o)
                0x000000000800828c                std::__cxx11::basic_string<char, std::char_traits<char>, std::allocator<char> >::~basic_string()
                0x000000000800828c                std::__cxx11::basic_string<char, std::char_traits<char>, std::allocator<char> >::~basic_string()
 .text._ZNSt7__cxx1112basic_stringIcSt11char_traitsIcESaIcEEaSEOS4_
                0x0000000008008298       0x50 /home/cat/st/stm32cubeide_1.7.0/plugins/com.st.stm32cube.ide.mcu.externaltools.gnu-tools-for-stm32.9-2020-q2-update.linux64_2.0.0.202105311346/tools/bin/../lib/gcc/arm-none-eabi/9.3.1/../../../../arm-none-eabi/lib/thumb/v7e-m+fp/hard/libstdc++_nano.a(string-inst.o)
                0x0000000008008298                std::__cxx11::basic_string<char, std::char_traits<char>, std::allocator<char> >::operator=(std::__cxx11::basic_string<char, std::char_traits<char>, std::allocator<char> >&&)
 .text._ZNSt7__cxx1112basic_stringIcSt11char_traitsIcESaIcEE10_M_replaceEjjPKcj
                0x00000000080082e8       0xfc /home/cat/st/stm32cubeide_1.7.0/plugins/com.st.stm32cube.ide.mcu.externaltools.gnu-tools-for-stm32.9-2020-q2-update.linux64_2.0.0.202105311346/tools/bin/../lib/gcc/arm-none-eabi/9.3.1/../../../../arm-none-eabi/lib/thumb/v7e-m+fp/hard/libstdc++_nano.a(string-inst.o)
                0x00000000080082e8                std::__cxx11::basic_string<char, std::char_traits<char>, std::allocator<char> >::_M_replace(unsigned int, unsigned int, char const*, unsigned int)
 .text._ZNSt7__cxx1112basic_stringIcSt11char_traitsIcESaIcEE6assignEPKc
                0x00000000080083e4       0x1e /home/cat/st/stm32cubeide_1.7.0/plugins/com.st.stm32cube.ide.mcu.externaltools.gnu-tools-for-stm32.9-2020-q2-update.linux64_2.0.0.202105311346/tools/bin/../lib/gcc/arm-none-eabi/9.3.1/../../../../arm-none-eabi/lib/thumb/v7e-m+fp/hard/libstdc++_nano.a(string-inst.o)
                0x00000000080083e4                std::__cxx11::basic_string<char, std::char_traits<char>, std::allocator<char> >::assign(char const*)
 .text._ZNSt7__cxx1112basic_stringIcSt11char_traitsIcESaIcEEaSEPKc
                0x0000000008008402        0x8 /home/cat/st/stm32cubeide_1.7.0/plugins/com.st.stm32cube.ide.mcu.externaltools.gnu-tools-for-stm32.9-2020-q2-update.linux64_2.0.0.202105311346/tools/bin/../lib/gcc/arm-none-eabi/9.3.1/../../../../arm-none-eabi/lib/thumb/v7e-m+fp/hard/libstdc++_nano.a(string-inst.o)
                0x0000000008008402                std::__cxx11::basic_string<char, std::char_traits<char>, std::allocator<char> >::operator=(char const*)
 .text._ZNSt7__cxx1112basic_stringIcSt11char_traitsIcESaIcEE9_M_appendEPKcj
                0x000000000800840a       0x44 /home/cat/st/stm32cubeide_1.7.0/plugins/com.st.stm32cube.ide.mcu.externaltools.gnu-tools-for-stm32.9-2020-q2-update.linux64_2.0.0.202105311346/tools/bin/../lib/gcc/arm-none-eabi/9.3.1/../../../../arm-none-eabi/lib/thumb/v7e-m+fp/hard/libstdc++_nano.a(string-inst.o)
                0x000000000800840a                std::__cxx11::basic_string<char, std::char_traits<char>, std::allocator<char> >::_M_append(char const*, unsigned int)
 *fill*         0x000000000800844e        0x2 
 .text._ZNSt7__cxx1112basic_stringIcSt11char_traitsIcESaIcEE6appendEPKc
                0x0000000008008450       0x2c /home/cat/st/stm32cubeide_1.7.0/plugins/com.st.stm32cube.ide.mcu.externaltools.gnu-tools-for-stm32.9-2020-q2-update.linux64_2.0.0.202105311346/tools/bin/../lib/gcc/arm-none-eabi/9.3.1/../../../../arm-none-eabi/lib/thumb/v7e-m+fp/hard/libstdc++_nano.a(string-inst.o)
                0x0000000008008450                std::__cxx11::basic_string<char, std::char_traits<char>, std::allocator<char> >::append(char const*)
 .text._ZNKSt7__cxx1112basic_stringIcSt11char_traitsIcESaIcEE5c_strEv
                0x000000000800847c        0x4 /home/cat/st/stm32cubeide_1.7.0/plugins/com.st.stm32cube.ide.mcu.externaltools.gnu-tools-for-stm32.9-2020-q2-update.linux64_2.0.0.202105311346/tools/bin/../lib/gcc/arm-none-eabi/9.3.1/../../../../arm-none-eabi/lib/thumb/v7e-m+fp/hard/libstdc++_nano.a(string-inst.o)
                0x000000000800847c                std::__cxx11::basic_string<char, std::char_traits<char>, std::allocator<char> >::c_str() const
 .text._ZNSt7__cxx1112basic_stringIcSt11char_traitsIcESaIcEE12_M_constructIPcEEvT_S7_St20forward_iterator_tag
                0x0000000008008480       0x48 /home/cat/st/stm32cubeide_1.7.0/plugins/com.st.stm32cube.ide.mcu.externaltools.gnu-tools-for-stm32.9-2020-q2-update.linux64_2.0.0.202105311346/tools/bin/../lib/gcc/arm-none-eabi/9.3.1/../../../../arm-none-eabi/lib/thumb/v7e-m+fp/hard/libstdc++_nano.a(string-inst.o)
                0x0000000008008480                void std::__cxx11::basic_string<char, std::char_traits<char>, std::allocator<char> >::_M_construct<char*>(char*, char*, std::forward_iterator_tag)
 .text._ZNSt7__cxx1112basic_stringIcSt11char_traitsIcESaIcEEC2ERKS4_
                0x00000000080084c8       0x1e /home/cat/st/stm32cubeide_1.7.0/plugins/com.st.stm32cube.ide.mcu.externaltools.gnu-tools-for-stm32.9-2020-q2-update.linux64_2.0.0.202105311346/tools/bin/../lib/gcc/arm-none-eabi/9.3.1/../../../../arm-none-eabi/lib/thumb/v7e-m+fp/hard/libstdc++_nano.a(string-inst.o)
                0x00000000080084c8                std::__cxx11::basic_string<char, std::char_traits<char>, std::allocator<char> >::basic_string(std::__cxx11::basic_string<char, std::char_traits<char>, std::allocator<char> > const&)
                0x00000000080084c8                std::__cxx11::basic_string<char, std::char_traits<char>, std::allocator<char> >::basic_string(std::__cxx11::basic_string<char, std::char_traits<char>, std::allocator<char> > const&)
 *fill*         0x00000000080084e6        0x2 
 .text._ZNSt7__cxx1112basic_stringIcSt11char_traitsIcESaIcEE12_M_constructIPKcEEvT_S8_St20forward_iterator_tag
                0x00000000080084e8       0x48 /home/cat/st/stm32cubeide_1.7.0/plugins/com.st.stm32cube.ide.mcu.externaltools.gnu-tools-for-stm32.9-2020-q2-update.linux64_2.0.0.202105311346/tools/bin/../lib/gcc/arm-none-eabi/9.3.1/../../../../arm-none-eabi/lib/thumb/v7e-m+fp/hard/libstdc++_nano.a(string-inst.o)
                0x00000000080084e8                void std::__cxx11::basic_string<char, std::char_traits<char>, std::allocator<char> >::_M_construct<char const*>(char const*, char const*, std::forward_iterator_tag)
 .text._ZNSt7__cxx1112basic_stringIcSt11char_traitsIcESaIcEEC2EPKcRKS3_
                0x0000000008008530       0x2c /home/cat/st/stm32cubeide_1.7.0/plugins/com.st.stm32cube.ide.mcu.externaltools.gnu-tools-for-stm32.9-2020-q2-update.linux64_2.0.0.202105311346/tools/bin/../lib/gcc/arm-none-eabi/9.3.1/../../../../arm-none-eabi/lib/thumb/v7e-m+fp/hard/libstdc++_nano.a(string-inst.o)
                0x0000000008008530                std::__cxx11::basic_string<char, std::char_traits<char>, std::allocator<char> >::basic_string(char const*, std::allocator<char> const&)
                0x0000000008008530                std::__cxx11::basic_string<char, std::char_traits<char>, std::allocator<char> >::basic_string(char const*, std::allocator<char> const&)
 .text._ZdlPv   0x000000000800855c        0x4 /home/cat/st/stm32cubeide_1.7.0/plugins/com.st.stm32cube.ide.mcu.externaltools.gnu-tools-for-stm32.9-2020-q2-update.linux64_2.0.0.202105311346/tools/bin/../lib/gcc/arm-none-eabi/9.3.1/../../../../arm-none-eabi/lib/thumb/v7e-m+fp/hard/libstdc++_nano.a(del_op.o)
                0x000000000800855c                operator delete(void*)
 .text._ZN10__cxxabiv111__terminateEPFvvE
                0x0000000008008560        0x8 /home/cat/st/stm32cubeide_1.7.0/plugins/com.st.stm32cube.ide.mcu.externaltools.gnu-tools-for-stm32.9-2020-q2-update.linux64_2.0.0.202105311346/tools/bin/../lib/gcc/arm-none-eabi/9.3.1/../../../../arm-none-eabi/lib/thumb/v7e-m+fp/hard/libstdc++_nano.a(eh_terminate.o)
                0x0000000008008560                __cxxabiv1::__terminate(void (*)())
 .text._ZSt13get_terminatev
                0x0000000008008568       0x10 /home/cat/st/stm32cubeide_1.7.0/plugins/com.st.stm32cube.ide.mcu.externaltools.gnu-tools-for-stm32.9-2020-q2-update.linux64_2.0.0.202105311346/tools/bin/../lib/gcc/arm-none-eabi/9.3.1/../../../../arm-none-eabi/lib/thumb/v7e-m+fp/hard/libstdc++_nano.a(eh_terminate.o)
                0x0000000008008568                std::get_terminate()
 .text._ZSt9terminatev
                0x0000000008008578        0xa /home/cat/st/stm32cubeide_1.7.0/plugins/com.st.stm32cube.ide.mcu.externaltools.gnu-tools-for-stm32.9-2020-q2-update.linux64_2.0.0.202105311346/tools/bin/../lib/gcc/arm-none-eabi/9.3.1/../../../../arm-none-eabi/lib/thumb/v7e-m+fp/hard/libstdc++_nano.a(eh_terminate.o)
                0x0000000008008578                std::terminate()
 *fill*         0x0000000008008582        0x2 
 .text._ZSt15get_new_handlerv
                0x0000000008008584       0x10 /home/cat/st/stm32cubeide_1.7.0/plugins/com.st.stm32cube.ide.mcu.externaltools.gnu-tools-for-stm32.9-2020-q2-update.linux64_2.0.0.202105311346/tools/bin/../lib/gcc/arm-none-eabi/9.3.1/../../../../arm-none-eabi/lib/thumb/v7e-m+fp/hard/libstdc++_nano.a(new_handler.o)
                0x0000000008008584                std::get_new_handler()
 .text.unlikely._ZSt17__throw_bad_allocv
                0x0000000008008594        0x6 /home/cat/st/stm32cubeide_1.7.0/plugins/com.st.stm32cube.ide.mcu.externaltools.gnu-tools-for-stm32.9-2020-q2-update.linux64_2.0.0.202105311346/tools/bin/../lib/gcc/arm-none-eabi/9.3.1/../../../../arm-none-eabi/lib/thumb/v7e-m+fp/hard/libstdc++_nano.a(functexcept.o)
                0x0000000008008594                std::__throw_bad_alloc()
 .text.unlikely._ZSt19__throw_logic_errorPKc
                0x000000000800859a        0x6 /home/cat/st/stm32cubeide_1.7.0/plugins/com.st.stm32cube.ide.mcu.externaltools.gnu-tools-for-stm32.9-2020-q2-update.linux64_2.0.0.202105311346/tools/bin/../lib/gcc/arm-none-eabi/9.3.1/../../../../arm-none-eabi/lib/thumb/v7e-m+fp/hard/libstdc++_nano.a(functexcept.o)
                0x000000000800859a                std::__throw_logic_error(char const*)
 .text.unlikely._ZSt20__throw_length_errorPKc
                0x00000000080085a0        0x6 /home/cat/st/stm32cubeide_1.7.0/plugins/com.st.stm32cube.ide.mcu.externaltools.gnu-tools-for-stm32.9-2020-q2-update.linux64_2.0.0.202105311346/tools/bin/../lib/gcc/arm-none-eabi/9.3.1/../../../../arm-none-eabi/lib/thumb/v7e-m+fp/hard/libstdc++_nano.a(functexcept.o)
                0x00000000080085a0                std::__throw_length_error(char const*)
 *fill*         0x00000000080085a6        0x2 
 .text.pow      0x00000000080085a8      0x15c /home/cat/st/stm32cubeide_1.7.0/plugins/com.st.stm32cube.ide.mcu.externaltools.gnu-tools-for-stm32.9-2020-q2-update.linux64_2.0.0.202105311346/tools/bin/../lib/gcc/arm-none-eabi/9.3.1/../../../../arm-none-eabi/lib/thumb/v7e-m+fp/hard/libm.a(lib_a-w_pow.o)
                0x00000000080085a8                pow
 .text.log10f   0x0000000008008704       0x6c /home/cat/st/stm32cubeide_1.7.0/plugins/com.st.stm32cube.ide.mcu.externaltools.gnu-tools-for-stm32.9-2020-q2-update.linux64_2.0.0.202105311346/tools/bin/../lib/gcc/arm-none-eabi/9.3.1/../../../../arm-none-eabi/lib/thumb/v7e-m+fp/hard/libm.a(lib_a-wf_log10.o)
                0x0000000008008704                log10f
 .text.__ieee754_pow
                0x0000000008008770      0xa44 /home/cat/st/stm32cubeide_1.7.0/plugins/com.st.stm32cube.ide.mcu.externaltools.gnu-tools-for-stm32.9-2020-q2-update.linux64_2.0.0.202105311346/tools/bin/../lib/gcc/arm-none-eabi/9.3.1/../../../../arm-none-eabi/lib/thumb/v7e-m+fp/hard/libm.a(lib_a-e_pow.o)
                0x0000000008008770                __ieee754_pow
 .text.__ieee754_sqrt
                0x00000000080091b4      0x168 /home/cat/st/stm32cubeide_1.7.0/plugins/com.st.stm32cube.ide.mcu.externaltools.gnu-tools-for-stm32.9-2020-q2-update.linux64_2.0.0.202105311346/tools/bin/../lib/gcc/arm-none-eabi/9.3.1/../../../../arm-none-eabi/lib/thumb/v7e-m+fp/hard/libm.a(lib_a-e_sqrt.o)
                0x00000000080091b4                __ieee754_sqrt
 .text.__ieee754_log10f
                0x000000000800931c       0xb0 /home/cat/st/stm32cubeide_1.7.0/plugins/com.st.stm32cube.ide.mcu.externaltools.gnu-tools-for-stm32.9-2020-q2-update.linux64_2.0.0.202105311346/tools/bin/../lib/gcc/arm-none-eabi/9.3.1/../../../../arm-none-eabi/lib/thumb/v7e-m+fp/hard/libm.a(lib_a-ef_log10.o)
                0x000000000800931c                __ieee754_log10f
 .text.fabs     0x00000000080093cc       0x12 /home/cat/st/stm32cubeide_1.7.0/plugins/com.st.stm32cube.ide.mcu.externaltools.gnu-tools-for-stm32.9-2020-q2-update.linux64_2.0.0.202105311346/tools/bin/../lib/gcc/arm-none-eabi/9.3.1/../../../../arm-none-eabi/lib/thumb/v7e-m+fp/hard/libm.a(lib_a-s_fabs.o)
                0x00000000080093cc                fabs
 .text.finite   0x00000000080093de       0x16 /home/cat/st/stm32cubeide_1.7.0/plugins/com.st.stm32cube.ide.mcu.externaltools.gnu-tools-for-stm32.9-2020-q2-update.linux64_2.0.0.202105311346/tools/bin/../lib/gcc/arm-none-eabi/9.3.1/../../../../arm-none-eabi/lib/thumb/v7e-m+fp/hard/libm.a(lib_a-s_finite.o)
                0x00000000080093de                finite
 *fill*         0x00000000080093f4        0x4 
 .text.nan      0x00000000080093f8       0x10 /home/cat/st/stm32cubeide_1.7.0/plugins/com.st.stm32cube.ide.mcu.externaltools.gnu-tools-for-stm32.9-2020-q2-update.linux64_2.0.0.202105311346/tools/bin/../lib/gcc/arm-none-eabi/9.3.1/../../../../arm-none-eabi/lib/thumb/v7e-m+fp/hard/libm.a(lib_a-s_nan.o)
                0x00000000080093f8                nan
 .text.rint     0x0000000008009408      0x114 /home/cat/st/stm32cubeide_1.7.0/plugins/com.st.stm32cube.ide.mcu.externaltools.gnu-tools-for-stm32.9-2020-q2-update.linux64_2.0.0.202105311346/tools/bin/../lib/gcc/arm-none-eabi/9.3.1/../../../../arm-none-eabi/lib/thumb/v7e-m+fp/hard/libm.a(lib_a-s_rint.o)
                0x0000000008009408                rint
 *fill*         0x000000000800951c        0x4 
 .text.scalbn   0x0000000008009520      0x10c /home/cat/st/stm32cubeide_1.7.0/plugins/com.st.stm32cube.ide.mcu.externaltools.gnu-tools-for-stm32.9-2020-q2-update.linux64_2.0.0.202105311346/tools/bin/../lib/gcc/arm-none-eabi/9.3.1/../../../../arm-none-eabi/lib/thumb/v7e-m+fp/hard/libm.a(lib_a-s_scalbn.o)
                0x0000000008009520                scalbn
 .text.nanf     0x000000000800962c        0xc /home/cat/st/stm32cubeide_1.7.0/plugins/com.st.stm32cube.ide.mcu.externaltools.gnu-tools-for-stm32.9-2020-q2-update.linux64_2.0.0.202105311346/tools/bin/../lib/gcc/arm-none-eabi/9.3.1/../../../../arm-none-eabi/lib/thumb/v7e-m+fp/hard/libm.a(lib_a-sf_nan.o)
                0x000000000800962c                nanf
 .text.__ieee754_logf
                0x0000000008009638      0x1e0 /home/cat/st/stm32cubeide_1.7.0/plugins/com.st.stm32cube.ide.mcu.externaltools.gnu-tools-for-stm32.9-2020-q2-update.linux64_2.0.0.202105311346/tools/bin/../lib/gcc/arm-none-eabi/9.3.1/../../../../arm-none-eabi/lib/thumb/v7e-m+fp/hard/libm.a(lib_a-ef_log.o)
                0x0000000008009638                __ieee754_logf
 .text.abort    0x0000000008009818        0xe /home/cat/st/stm32cubeide_1.7.0/plugins/com.st.stm32cube.ide.mcu.externaltools.gnu-tools-for-stm32.9-2020-q2-update.linux64_2.0.0.202105311346/tools/bin/../lib/gcc/arm-none-eabi/9.3.1/../../../../arm-none-eabi/lib/thumb/v7e-m+fp/hard/libc_nano.a(lib_a-abort.o)
                0x0000000008009818                abort
 *fill*         0x0000000008009826        0x2 
 .text.__errno  0x0000000008009828        0xc /home/cat/st/stm32cubeide_1.7.0/plugins/com.st.stm32cube.ide.mcu.externaltools.gnu-tools-for-stm32.9-2020-q2-update.linux64_2.0.0.202105311346/tools/bin/../lib/gcc/arm-none-eabi/9.3.1/../../../../arm-none-eabi/lib/thumb/v7e-m+fp/hard/libc_nano.a(lib_a-errno.o)
                0x0000000008009828                __errno
 .text.__libc_init_array
                0x0000000008009834       0x48 /home/cat/st/stm32cubeide_1.7.0/plugins/com.st.stm32cube.ide.mcu.externaltools.gnu-tools-for-stm32.9-2020-q2-update.linux64_2.0.0.202105311346/tools/bin/../lib/gcc/arm-none-eabi/9.3.1/../../../../arm-none-eabi/lib/thumb/v7e-m+fp/hard/libc_nano.a(lib_a-init.o)
                0x0000000008009834                __libc_init_array
 .text.__itoa   0x000000000800987c       0x30 /home/cat/st/stm32cubeide_1.7.0/plugins/com.st.stm32cube.ide.mcu.externaltools.gnu-tools-for-stm32.9-2020-q2-update.linux64_2.0.0.202105311346/tools/bin/../lib/gcc/arm-none-eabi/9.3.1/../../../../arm-none-eabi/lib/thumb/v7e-m+fp/hard/libc_nano.a(lib_a-itoa.o)
                0x000000000800987c                __itoa
 .text.itoa     0x00000000080098ac        0x4 /home/cat/st/stm32cubeide_1.7.0/plugins/com.st.stm32cube.ide.mcu.externaltools.gnu-tools-for-stm32.9-2020-q2-update.linux64_2.0.0.202105311346/tools/bin/../lib/gcc/arm-none-eabi/9.3.1/../../../../arm-none-eabi/lib/thumb/v7e-m+fp/hard/libc_nano.a(lib_a-itoa.o)
                0x00000000080098ac                itoa
 .text.malloc   0x00000000080098b0       0x10 /home/cat/st/stm32cubeide_1.7.0/plugins/com.st.stm32cube.ide.mcu.externaltools.gnu-tools-for-stm32.9-2020-q2-update.linux64_2.0.0.202105311346/tools/bin/../lib/gcc/arm-none-eabi/9.3.1/../../../../arm-none-eabi/lib/thumb/v7e-m+fp/hard/libc_nano.a(lib_a-malloc.o)
                0x00000000080098b0                malloc
 .text.free     0x00000000080098c0       0x10 /home/cat/st/stm32cubeide_1.7.0/plugins/com.st.stm32cube.ide.mcu.externaltools.gnu-tools-for-stm32.9-2020-q2-update.linux64_2.0.0.202105311346/tools/bin/../lib/gcc/arm-none-eabi/9.3.1/../../../../arm-none-eabi/lib/thumb/v7e-m+fp/hard/libc_nano.a(lib_a-malloc.o)
                0x00000000080098c0                free
 .text.memcpy   0x00000000080098d0       0x1c /home/cat/st/stm32cubeide_1.7.0/plugins/com.st.stm32cube.ide.mcu.externaltools.gnu-tools-for-stm32.9-2020-q2-update.linux64_2.0.0.202105311346/tools/bin/../lib/gcc/arm-none-eabi/9.3.1/../../../../arm-none-eabi/lib/thumb/v7e-m+fp/hard/libc_nano.a(lib_a-memcpy-stub.o)
                0x00000000080098d0                memcpy
 .text.memmove  0x00000000080098ec       0x34 /home/cat/st/stm32cubeide_1.7.0/plugins/com.st.stm32cube.ide.mcu.externaltools.gnu-tools-for-stm32.9-2020-q2-update.linux64_2.0.0.202105311346/tools/bin/../lib/gcc/arm-none-eabi/9.3.1/../../../../arm-none-eabi/lib/thumb/v7e-m+fp/hard/libc_nano.a(lib_a-memmove.o)
                0x00000000080098ec                memmove
 .text.memset   0x0000000008009920       0x10 /home/cat/st/stm32cubeide_1.7.0/plugins/com.st.stm32cube.ide.mcu.externaltools.gnu-tools-for-stm32.9-2020-q2-update.linux64_2.0.0.202105311346/tools/bin/../lib/gcc/arm-none-eabi/9.3.1/../../../../arm-none-eabi/lib/thumb/v7e-m+fp/hard/libc_nano.a(lib_a-memset.o)
                0x0000000008009920                memset
 .text._free_r  0x0000000008009930       0xa0 /home/cat/st/stm32cubeide_1.7.0/plugins/com.st.stm32cube.ide.mcu.externaltools.gnu-tools-for-stm32.9-2020-q2-update.linux64_2.0.0.202105311346/tools/bin/../lib/gcc/arm-none-eabi/9.3.1/../../../../arm-none-eabi/lib/thumb/v7e-m+fp/hard/libc_nano.a(lib_a-nano-freer.o)
                0x0000000008009930                _free_r
 .text._malloc_r
                0x00000000080099d0       0xb4 /home/cat/st/stm32cubeide_1.7.0/plugins/com.st.stm32cube.ide.mcu.externaltools.gnu-tools-for-stm32.9-2020-q2-update.linux64_2.0.0.202105311346/tools/bin/../lib/gcc/arm-none-eabi/9.3.1/../../../../arm-none-eabi/lib/thumb/v7e-m+fp/hard/libc_nano.a(lib_a-nano-mallocr.o)
                0x00000000080099d0                _malloc_r
 .text.__cvt    0x0000000008009a84       0xc4 /home/cat/st/stm32cubeide_1.7.0/plugins/com.st.stm32cube.ide.mcu.externaltools.gnu-tools-for-stm32.9-2020-q2-update.linux64_2.0.0.202105311346/tools/bin/../lib/gcc/arm-none-eabi/9.3.1/../../../../arm-none-eabi/lib/thumb/v7e-m+fp/hard/libc_nano.a(lib_a-nano-vfprintf_float.o)
                0x0000000008009a84                __cvt
 .text.__exponent
                0x0000000008009b48       0x7c /home/cat/st/stm32cubeide_1.7.0/plugins/com.st.stm32cube.ide.mcu.externaltools.gnu-tools-for-stm32.9-2020-q2-update.linux64_2.0.0.202105311346/tools/bin/../lib/gcc/arm-none-eabi/9.3.1/../../../../arm-none-eabi/lib/thumb/v7e-m+fp/hard/libc_nano.a(lib_a-nano-vfprintf_float.o)
                0x0000000008009b48                __exponent
 .text._printf_float
                0x0000000008009bc4      0x46c /home/cat/st/stm32cubeide_1.7.0/plugins/com.st.stm32cube.ide.mcu.externaltools.gnu-tools-for-stm32.9-2020-q2-update.linux64_2.0.0.202105311346/tools/bin/../lib/gcc/arm-none-eabi/9.3.1/../../../../arm-none-eabi/lib/thumb/v7e-m+fp/hard/libc_nano.a(lib_a-nano-vfprintf_float.o)
                0x0000000008009bc4                _printf_float
 .text._printf_common
                0x000000000800a030       0xda /home/cat/st/stm32cubeide_1.7.0/plugins/com.st.stm32cube.ide.mcu.externaltools.gnu-tools-for-stm32.9-2020-q2-update.linux64_2.0.0.202105311346/tools/bin/../lib/gcc/arm-none-eabi/9.3.1/../../../../arm-none-eabi/lib/thumb/v7e-m+fp/hard/libc_nano.a(lib_a-nano-vfprintf_i.o)
                0x000000000800a030                _printf_common
 *fill*         0x000000000800a10a        0x2 
 .text._printf_i
                0x000000000800a10c      0x24c /home/cat/st/stm32cubeide_1.7.0/plugins/com.st.stm32cube.ide.mcu.externaltools.gnu-tools-for-stm32.9-2020-q2-update.linux64_2.0.0.202105311346/tools/bin/../lib/gcc/arm-none-eabi/9.3.1/../../../../arm-none-eabi/lib/thumb/v7e-m+fp/hard/libc_nano.a(lib_a-nano-vfprintf_i.o)
                0x000000000800a10c                _printf_i
 .text._sbrk_r  0x000000000800a358       0x20 /home/cat/st/stm32cubeide_1.7.0/plugins/com.st.stm32cube.ide.mcu.externaltools.gnu-tools-for-stm32.9-2020-q2-update.linux64_2.0.0.202105311346/tools/bin/../lib/gcc/arm-none-eabi/9.3.1/../../../../arm-none-eabi/lib/thumb/v7e-m+fp/hard/libc_nano.a(lib_a-sbrkr.o)
                0x000000000800a358                _sbrk_r
 .text._raise_r
                0x000000000800a378       0x50 /home/cat/st/stm32cubeide_1.7.0/plugins/com.st.stm32cube.ide.mcu.externaltools.gnu-tools-for-stm32.9-2020-q2-update.linux64_2.0.0.202105311346/tools/bin/../lib/gcc/arm-none-eabi/9.3.1/../../../../arm-none-eabi/lib/thumb/v7e-m+fp/hard/libc_nano.a(lib_a-signal.o)
                0x000000000800a378                _raise_r
 .text.raise    0x000000000800a3c8       0x10 /home/cat/st/stm32cubeide_1.7.0/plugins/com.st.stm32cube.ide.mcu.externaltools.gnu-tools-for-stm32.9-2020-q2-update.linux64_2.0.0.202105311346/tools/bin/../lib/gcc/arm-none-eabi/9.3.1/../../../../arm-none-eabi/lib/thumb/v7e-m+fp/hard/libc_nano.a(lib_a-signal.o)
                0x000000000800a3c8                raise
 .text._kill_r  0x000000000800a3d8       0x24 /home/cat/st/stm32cubeide_1.7.0/plugins/com.st.stm32cube.ide.mcu.externaltools.gnu-tools-for-stm32.9-2020-q2-update.linux64_2.0.0.202105311346/tools/bin/../lib/gcc/arm-none-eabi/9.3.1/../../../../arm-none-eabi/lib/thumb/v7e-m+fp/hard/libc_nano.a(lib_a-signalr.o)
                0x000000000800a3d8                _kill_r
 .text._getpid_r
                0x000000000800a3fc        0x4 /home/cat/st/stm32cubeide_1.7.0/plugins/com.st.stm32cube.ide.mcu.externaltools.gnu-tools-for-stm32.9-2020-q2-update.linux64_2.0.0.202105311346/tools/bin/../lib/gcc/arm-none-eabi/9.3.1/../../../../arm-none-eabi/lib/thumb/v7e-m+fp/hard/libc_nano.a(lib_a-signalr.o)
                0x000000000800a3fc                _getpid_r
 .text.sprintf  0x000000000800a400       0x40 /home/cat/st/stm32cubeide_1.7.0/plugins/com.st.stm32cube.ide.mcu.externaltools.gnu-tools-for-stm32.9-2020-q2-update.linux64_2.0.0.202105311346/tools/bin/../lib/gcc/arm-none-eabi/9.3.1/../../../../arm-none-eabi/lib/thumb/v7e-m+fp/hard/libc_nano.a(lib_a-sprintf.o)
                0x000000000800a400                sprintf
                0x000000000800a400                siprintf
 .text.__utoa   0x000000000800a440       0x84 /home/cat/st/stm32cubeide_1.7.0/plugins/com.st.stm32cube.ide.mcu.externaltools.gnu-tools-for-stm32.9-2020-q2-update.linux64_2.0.0.202105311346/tools/bin/../lib/gcc/arm-none-eabi/9.3.1/../../../../arm-none-eabi/lib/thumb/v7e-m+fp/hard/libc_nano.a(lib_a-utoa.o)
                0x000000000800a440                __utoa
 .text.quorem   0x000000000800a4c4      0x116 /home/cat/st/stm32cubeide_1.7.0/plugins/com.st.stm32cube.ide.mcu.externaltools.gnu-tools-for-stm32.9-2020-q2-update.linux64_2.0.0.202105311346/tools/bin/../lib/gcc/arm-none-eabi/9.3.1/../../../../arm-none-eabi/lib/thumb/v7e-m+fp/hard/libc_nano.a(lib_a-dtoa.o)
 *fill*         0x000000000800a5da        0x6 
 .text._dtoa_r  0x000000000800a5e0      0xbd8 /home/cat/st/stm32cubeide_1.7.0/plugins/com.st.stm32cube.ide.mcu.externaltools.gnu-tools-for-stm32.9-2020-q2-update.linux64_2.0.0.202105311346/tools/bin/../lib/gcc/arm-none-eabi/9.3.1/../../../../arm-none-eabi/lib/thumb/v7e-m+fp/hard/libc_nano.a(lib_a-dtoa.o)
                0x000000000800a5e0                _dtoa_r
 .text._localeconv_r
                0x000000000800b1b8        0x8 /home/cat/st/stm32cubeide_1.7.0/plugins/com.st.stm32cube.ide.mcu.externaltools.gnu-tools-for-stm32.9-2020-q2-update.linux64_2.0.0.202105311346/tools/bin/../lib/gcc/arm-none-eabi/9.3.1/../../../../arm-none-eabi/lib/thumb/v7e-m+fp/hard/libc_nano.a(lib_a-localeconv.o)
                0x000000000800b1b8                _localeconv_r
 .text.__malloc_lock
                0x000000000800b1c0        0xc /home/cat/st/stm32cubeide_1.7.0/plugins/com.st.stm32cube.ide.mcu.externaltools.gnu-tools-for-stm32.9-2020-q2-update.linux64_2.0.0.202105311346/tools/bin/../lib/gcc/arm-none-eabi/9.3.1/../../../../arm-none-eabi/lib/thumb/v7e-m+fp/hard/libc_nano.a(lib_a-mlock.o)
                0x000000000800b1c0                __malloc_lock
 .text.__malloc_unlock
                0x000000000800b1cc        0xc /home/cat/st/stm32cubeide_1.7.0/plugins/com.st.stm32cube.ide.mcu.externaltools.gnu-tools-for-stm32.9-2020-q2-update.linux64_2.0.0.202105311346/tools/bin/../lib/gcc/arm-none-eabi/9.3.1/../../../../arm-none-eabi/lib/thumb/v7e-m+fp/hard/libc_nano.a(lib_a-mlock.o)
                0x000000000800b1cc                __malloc_unlock
 .text._Balloc  0x000000000800b1d8       0x80 /home/cat/st/stm32cubeide_1.7.0/plugins/com.st.stm32cube.ide.mcu.externaltools.gnu-tools-for-stm32.9-2020-q2-update.linux64_2.0.0.202105311346/tools/bin/../lib/gcc/arm-none-eabi/9.3.1/../../../../arm-none-eabi/lib/thumb/v7e-m+fp/hard/libc_nano.a(lib_a-mprec.o)
                0x000000000800b1d8                _Balloc
 .text._Bfree   0x000000000800b258       0x44 /home/cat/st/stm32cubeide_1.7.0/plugins/com.st.stm32cube.ide.mcu.externaltools.gnu-tools-for-stm32.9-2020-q2-update.linux64_2.0.0.202105311346/tools/bin/../lib/gcc/arm-none-eabi/9.3.1/../../../../arm-none-eabi/lib/thumb/v7e-m+fp/hard/libc_nano.a(lib_a-mprec.o)
                0x000000000800b258                _Bfree
 .text.__multadd
                0x000000000800b29c       0x94 /home/cat/st/stm32cubeide_1.7.0/plugins/com.st.stm32cube.ide.mcu.externaltools.gnu-tools-for-stm32.9-2020-q2-update.linux64_2.0.0.202105311346/tools/bin/../lib/gcc/arm-none-eabi/9.3.1/../../../../arm-none-eabi/lib/thumb/v7e-m+fp/hard/libc_nano.a(lib_a-mprec.o)
                0x000000000800b29c                __multadd
 .text.__hi0bits
                0x000000000800b330       0x40 /home/cat/st/stm32cubeide_1.7.0/plugins/com.st.stm32cube.ide.mcu.externaltools.gnu-tools-for-stm32.9-2020-q2-update.linux64_2.0.0.202105311346/tools/bin/../lib/gcc/arm-none-eabi/9.3.1/../../../../arm-none-eabi/lib/thumb/v7e-m+fp/hard/libc_nano.a(lib_a-mprec.o)
                0x000000000800b330                __hi0bits
 .text.__lo0bits
                0x000000000800b370       0x60 /home/cat/st/stm32cubeide_1.7.0/plugins/com.st.stm32cube.ide.mcu.externaltools.gnu-tools-for-stm32.9-2020-q2-update.linux64_2.0.0.202105311346/tools/bin/../lib/gcc/arm-none-eabi/9.3.1/../../../../arm-none-eabi/lib/thumb/v7e-m+fp/hard/libc_nano.a(lib_a-mprec.o)
                0x000000000800b370                __lo0bits
 .text.__i2b    0x000000000800b3d0       0x2c /home/cat/st/stm32cubeide_1.7.0/plugins/com.st.stm32cube.ide.mcu.externaltools.gnu-tools-for-stm32.9-2020-q2-update.linux64_2.0.0.202105311346/tools/bin/../lib/gcc/arm-none-eabi/9.3.1/../../../../arm-none-eabi/lib/thumb/v7e-m+fp/hard/libc_nano.a(lib_a-mprec.o)
                0x000000000800b3d0                __i2b
 .text.__multiply
                0x000000000800b3fc      0x14c /home/cat/st/stm32cubeide_1.7.0/plugins/com.st.stm32cube.ide.mcu.externaltools.gnu-tools-for-stm32.9-2020-q2-update.linux64_2.0.0.202105311346/tools/bin/../lib/gcc/arm-none-eabi/9.3.1/../../../../arm-none-eabi/lib/thumb/v7e-m+fp/hard/libc_nano.a(lib_a-mprec.o)
                0x000000000800b3fc                __multiply
 .text.__pow5mult
                0x000000000800b548       0xb4 /home/cat/st/stm32cubeide_1.7.0/plugins/com.st.stm32cube.ide.mcu.externaltools.gnu-tools-for-stm32.9-2020-q2-update.linux64_2.0.0.202105311346/tools/bin/../lib/gcc/arm-none-eabi/9.3.1/../../../../arm-none-eabi/lib/thumb/v7e-m+fp/hard/libc_nano.a(lib_a-mprec.o)
                0x000000000800b548                __pow5mult
 .text.__lshift
                0x000000000800b5fc       0xd8 /home/cat/st/stm32cubeide_1.7.0/plugins/com.st.stm32cube.ide.mcu.externaltools.gnu-tools-for-stm32.9-2020-q2-update.linux64_2.0.0.202105311346/tools/bin/../lib/gcc/arm-none-eabi/9.3.1/../../../../arm-none-eabi/lib/thumb/v7e-m+fp/hard/libc_nano.a(lib_a-mprec.o)
                0x000000000800b5fc                __lshift
 .text.__mcmp   0x000000000800b6d4       0x38 /home/cat/st/stm32cubeide_1.7.0/plugins/com.st.stm32cube.ide.mcu.externaltools.gnu-tools-for-stm32.9-2020-q2-update.linux64_2.0.0.202105311346/tools/bin/../lib/gcc/arm-none-eabi/9.3.1/../../../../arm-none-eabi/lib/thumb/v7e-m+fp/hard/libc_nano.a(lib_a-mprec.o)
                0x000000000800b6d4                __mcmp
 .text.__mdiff  0x000000000800b70c      0x110 /home/cat/st/stm32cubeide_1.7.0/plugins/com.st.stm32cube.ide.mcu.externaltools.gnu-tools-for-stm32.9-2020-q2-update.linux64_2.0.0.202105311346/tools/bin/../lib/gcc/arm-none-eabi/9.3.1/../../../../arm-none-eabi/lib/thumb/v7e-m+fp/hard/libc_nano.a(lib_a-mprec.o)
                0x000000000800b70c                __mdiff
 .text.__d2b    0x000000000800b81c       0xb8 /home/cat/st/stm32cubeide_1.7.0/plugins/com.st.stm32cube.ide.mcu.externaltools.gnu-tools-for-stm32.9-2020-q2-update.linux64_2.0.0.202105311346/tools/bin/../lib/gcc/arm-none-eabi/9.3.1/../../../../arm-none-eabi/lib/thumb/v7e-m+fp/hard/libc_nano.a(lib_a-mprec.o)
                0x000000000800b81c                __d2b
 .text._calloc_r
                0x000000000800b8d4       0x1e /home/cat/st/stm32cubeide_1.7.0/plugins/com.st.stm32cube.ide.mcu.externaltools.gnu-tools-for-stm32.9-2020-q2-update.linux64_2.0.0.202105311346/tools/bin/../lib/gcc/arm-none-eabi/9.3.1/../../../../arm-none-eabi/lib/thumb/v7e-m+fp/hard/libc_nano.a(lib_a-nano-callocr.o)
                0x000000000800b8d4                _calloc_r
 .text.__ssputs_r
                0x000000000800b8f2       0xb6 /home/cat/st/stm32cubeide_1.7.0/plugins/com.st.stm32cube.ide.mcu.externaltools.gnu-tools-for-stm32.9-2020-q2-update.linux64_2.0.0.202105311346/tools/bin/../lib/gcc/arm-none-eabi/9.3.1/../../../../arm-none-eabi/lib/thumb/v7e-m+fp/hard/libc_nano.a(lib_a-nano-svfprintf.o)
                0x000000000800b8f2                __ssputs_r
 .text._svfprintf_r
                0x000000000800b9a8      0x200 /home/cat/st/stm32cubeide_1.7.0/plugins/com.st.stm32cube.ide.mcu.externaltools.gnu-tools-for-stm32.9-2020-q2-update.linux64_2.0.0.202105311346/tools/bin/../lib/gcc/arm-none-eabi/9.3.1/../../../../arm-none-eabi/lib/thumb/v7e-m+fp/hard/libc_nano.a(lib_a-nano-svfprintf.o)
                0x000000000800b9a8                _svfprintf_r
                0x000000000800b9a8                _svfiprintf_r
 .text.__assert_func
                0x000000000800bba8       0x3c /home/cat/st/stm32cubeide_1.7.0/plugins/com.st.stm32cube.ide.mcu.externaltools.gnu-tools-for-stm32.9-2020-q2-update.linux64_2.0.0.202105311346/tools/bin/../lib/gcc/arm-none-eabi/9.3.1/../../../../arm-none-eabi/lib/thumb/v7e-m+fp/hard/libc_nano.a(lib_a-assert.o)
                0x000000000800bba8                __assert_func
 .text.fprintf  0x000000000800bbe4       0x24 /home/cat/st/stm32cubeide_1.7.0/plugins/com.st.stm32cube.ide.mcu.externaltools.gnu-tools-for-stm32.9-2020-q2-update.linux64_2.0.0.202105311346/tools/bin/../lib/gcc/arm-none-eabi/9.3.1/../../../../arm-none-eabi/lib/thumb/v7e-m+fp/hard/libc_nano.a(lib_a-fprintf.o)
                0x000000000800bbe4                fprintf
                0x000000000800bbe4                fiprintf
 .text.__retarget_lock_init_recursive
                0x000000000800bc08        0x2 /home/cat/st/stm32cubeide_1.7.0/plugins/com.st.stm32cube.ide.mcu.externaltools.gnu-tools-for-stm32.9-2020-q2-update.linux64_2.0.0.202105311346/tools/bin/../lib/gcc/arm-none-eabi/9.3.1/../../../../arm-none-eabi/lib/thumb/v7e-m+fp/hard/libc_nano.a(lib_a-lock.o)
                0x000000000800bc08                __retarget_lock_init_recursive
 .text.__retarget_lock_acquire_recursive
                0x000000000800bc0a        0x2 /home/cat/st/stm32cubeide_1.7.0/plugins/com.st.stm32cube.ide.mcu.externaltools.gnu-tools-for-stm32.9-2020-q2-update.linux64_2.0.0.202105311346/tools/bin/../lib/gcc/arm-none-eabi/9.3.1/../../../../arm-none-eabi/lib/thumb/v7e-m+fp/hard/libc_nano.a(lib_a-lock.o)
                0x000000000800bc0a                __retarget_lock_acquire_recursive
 .text.__retarget_lock_release_recursive
                0x000000000800bc0c        0x2 /home/cat/st/stm32cubeide_1.7.0/plugins/com.st.stm32cube.ide.mcu.externaltools.gnu-tools-for-stm32.9-2020-q2-update.linux64_2.0.0.202105311346/tools/bin/../lib/gcc/arm-none-eabi/9.3.1/../../../../arm-none-eabi/lib/thumb/v7e-m+fp/hard/libc_nano.a(lib_a-lock.o)
                0x000000000800bc0c                __retarget_lock_release_recursive
 .text.__ascii_mbtowc
                0x000000000800bc0e       0x24 /home/cat/st/stm32cubeide_1.7.0/plugins/com.st.stm32cube.ide.mcu.externaltools.gnu-tools-for-stm32.9-2020-q2-update.linux64_2.0.0.202105311346/tools/bin/../lib/gcc/arm-none-eabi/9.3.1/../../../../arm-none-eabi/lib/thumb/v7e-m+fp/hard/libc_nano.a(lib_a-mbtowc_r.o)
                0x000000000800bc0e                __ascii_mbtowc
 .text._realloc_r
                0x000000000800bc32       0x4c /home/cat/st/stm32cubeide_1.7.0/plugins/com.st.stm32cube.ide.mcu.externaltools.gnu-tools-for-stm32.9-2020-q2-update.linux64_2.0.0.202105311346/tools/bin/../lib/gcc/arm-none-eabi/9.3.1/../../../../arm-none-eabi/lib/thumb/v7e-m+fp/hard/libc_nano.a(lib_a-nano-reallocr.o)
                0x000000000800bc32                _realloc_r
 .text.__sfputc_r
                0x000000000800bc7e       0x2e /home/cat/st/stm32cubeide_1.7.0/plugins/com.st.stm32cube.ide.mcu.externaltools.gnu-tools-for-stm32.9-2020-q2-update.linux64_2.0.0.202105311346/tools/bin/../lib/gcc/arm-none-eabi/9.3.1/../../../../arm-none-eabi/lib/thumb/v7e-m+fp/hard/libc_nano.a(lib_a-nano-vfprintf.o)
 .text.__sfputs_r
                0x000000000800bcac       0x24 /home/cat/st/stm32cubeide_1.7.0/plugins/com.st.stm32cube.ide.mcu.externaltools.gnu-tools-for-stm32.9-2020-q2-update.linux64_2.0.0.202105311346/tools/bin/../lib/gcc/arm-none-eabi/9.3.1/../../../../arm-none-eabi/lib/thumb/v7e-m+fp/hard/libc_nano.a(lib_a-nano-vfprintf.o)
                0x000000000800bcac                __sfputs_r
 .text._vfprintf_r
                0x000000000800bcd0      0x260 /home/cat/st/stm32cubeide_1.7.0/plugins/com.st.stm32cube.ide.mcu.externaltools.gnu-tools-for-stm32.9-2020-q2-update.linux64_2.0.0.202105311346/tools/bin/../lib/gcc/arm-none-eabi/9.3.1/../../../../arm-none-eabi/lib/thumb/v7e-m+fp/hard/libc_nano.a(lib_a-nano-vfprintf.o)
                0x000000000800bcd0                _vfiprintf_r
                0x000000000800bcd0                _vfprintf_r
 .text.__swbuf_r
                0x000000000800bf30       0xa4 /home/cat/st/stm32cubeide_1.7.0/plugins/com.st.stm32cube.ide.mcu.externaltools.gnu-tools-for-stm32.9-2020-q2-update.linux64_2.0.0.202105311346/tools/bin/../lib/gcc/arm-none-eabi/9.3.1/../../../../arm-none-eabi/lib/thumb/v7e-m+fp/hard/libc_nano.a(lib_a-wbuf.o)
                0x000000000800bf30                __swbuf_r
 .text.__ascii_wctomb
                0x000000000800bfd4       0x1a /home/cat/st/stm32cubeide_1.7.0/plugins/com.st.stm32cube.ide.mcu.externaltools.gnu-tools-for-stm32.9-2020-q2-update.linux64_2.0.0.202105311346/tools/bin/../lib/gcc/arm-none-eabi/9.3.1/../../../../arm-none-eabi/lib/thumb/v7e-m+fp/hard/libc_nano.a(lib_a-wctomb_r.o)
                0x000000000800bfd4                __ascii_wctomb
 *fill*         0x000000000800bfee        0x2 
 .text.__swsetup_r
                0x000000000800bff0       0xdc /home/cat/st/stm32cubeide_1.7.0/plugins/com.st.stm32cube.ide.mcu.externaltools.gnu-tools-for-stm32.9-2020-q2-update.linux64_2.0.0.202105311346/tools/bin/../lib/gcc/arm-none-eabi/9.3.1/../../../../arm-none-eabi/lib/thumb/v7e-m+fp/hard/libc_nano.a(lib_a-wsetup.o)
                0x000000000800bff0                __swsetup_r
 .text.__sflush_r